Archive member included to satisfy reference by file (symbol)

c:/users/toshiba/downloads/iti/turkey/arm tools iti/arm gcc/bin/../lib/gcc/arm-none-eabi/5.4.1/armv7-m\libgcc.a(_aeabi_uldivmod.o)
                              ./src/DSYSTICK.o (__aeabi_uldivmod)
c:/users/toshiba/downloads/iti/turkey/arm tools iti/arm gcc/bin/../lib/gcc/arm-none-eabi/5.4.1/armv7-m\libgcc.a(_udivmoddi4.o)
                              c:/users/toshiba/downloads/iti/turkey/arm tools iti/arm gcc/bin/../lib/gcc/arm-none-eabi/5.4.1/armv7-m\libgcc.a(_aeabi_uldivmod.o) (__udivmoddi4)
c:/users/toshiba/downloads/iti/turkey/arm tools iti/arm gcc/bin/../lib/gcc/arm-none-eabi/5.4.1/armv7-m\libgcc.a(_dvmd_tls.o)
                              c:/users/toshiba/downloads/iti/turkey/arm tools iti/arm gcc/bin/../lib/gcc/arm-none-eabi/5.4.1/armv7-m\libgcc.a(_aeabi_uldivmod.o) (__aeabi_ldiv0)
c:/users/toshiba/downloads/iti/turkey/arm tools iti/arm gcc/bin/../lib/gcc/arm-none-eabi/5.4.1/../../../../arm-none-eabi/lib/armv7-m\libg_nano.a(lib_a-errno.o)
                              ./system/src/newlib/_sbrk.o (__errno)
c:/users/toshiba/downloads/iti/turkey/arm tools iti/arm gcc/bin/../lib/gcc/arm-none-eabi/5.4.1/../../../../arm-none-eabi/lib/armv7-m\libg_nano.a(lib_a-impure.o)
                              c:/users/toshiba/downloads/iti/turkey/arm tools iti/arm gcc/bin/../lib/gcc/arm-none-eabi/5.4.1/../../../../arm-none-eabi/lib/armv7-m\libg_nano.a(lib_a-errno.o) (_impure_ptr)
c:/users/toshiba/downloads/iti/turkey/arm tools iti/arm gcc/bin/../lib/gcc/arm-none-eabi/5.4.1/../../../../arm-none-eabi/lib/armv7-m\libg_nano.a(lib_a-strlen.o)
                              ./system/src/diag/Trace.o (strlen)
c:/users/toshiba/downloads/iti/turkey/arm tools iti/arm gcc/bin/../lib/gcc/arm-none-eabi/5.4.1/../../../../arm-none-eabi/lib/armv7-m\libg_nano.a(lib_a-vsnprintf.o)
                              ./system/src/diag/Trace.o (vsnprintf)
c:/users/toshiba/downloads/iti/turkey/arm tools iti/arm gcc/bin/../lib/gcc/arm-none-eabi/5.4.1/../../../../arm-none-eabi/lib/armv7-m\libg_nano.a(lib_a-nano-svfprintf.o)
                              c:/users/toshiba/downloads/iti/turkey/arm tools iti/arm gcc/bin/../lib/gcc/arm-none-eabi/5.4.1/../../../../arm-none-eabi/lib/armv7-m\libg_nano.a(lib_a-vsnprintf.o) (_svfprintf_r)
c:/users/toshiba/downloads/iti/turkey/arm tools iti/arm gcc/bin/../lib/gcc/arm-none-eabi/5.4.1/../../../../arm-none-eabi/lib/armv7-m\libg_nano.a(lib_a-nano-vfprintf_i.o)
                              c:/users/toshiba/downloads/iti/turkey/arm tools iti/arm gcc/bin/../lib/gcc/arm-none-eabi/5.4.1/../../../../arm-none-eabi/lib/armv7-m\libg_nano.a(lib_a-nano-svfprintf.o) (_printf_i)
c:/users/toshiba/downloads/iti/turkey/arm tools iti/arm gcc/bin/../lib/gcc/arm-none-eabi/5.4.1/../../../../arm-none-eabi/lib/armv7-m\libg_nano.a(lib_a-memchr-stub.o)
                              c:/users/toshiba/downloads/iti/turkey/arm tools iti/arm gcc/bin/../lib/gcc/arm-none-eabi/5.4.1/../../../../arm-none-eabi/lib/armv7-m\libg_nano.a(lib_a-nano-svfprintf.o) (memchr)
c:/users/toshiba/downloads/iti/turkey/arm tools iti/arm gcc/bin/../lib/gcc/arm-none-eabi/5.4.1/../../../../arm-none-eabi/lib/armv7-m\libg_nano.a(lib_a-memcpy-stub.o)
                              c:/users/toshiba/downloads/iti/turkey/arm tools iti/arm gcc/bin/../lib/gcc/arm-none-eabi/5.4.1/../../../../arm-none-eabi/lib/armv7-m\libg_nano.a(lib_a-nano-svfprintf.o) (memcpy)
c:/users/toshiba/downloads/iti/turkey/arm tools iti/arm gcc/bin/../lib/gcc/arm-none-eabi/5.4.1/../../../../arm-none-eabi/lib/armv7-m\libg_nano.a(lib_a-memmove.o)
                              c:/users/toshiba/downloads/iti/turkey/arm tools iti/arm gcc/bin/../lib/gcc/arm-none-eabi/5.4.1/../../../../arm-none-eabi/lib/armv7-m\libg_nano.a(lib_a-nano-svfprintf.o) (memmove)
c:/users/toshiba/downloads/iti/turkey/arm tools iti/arm gcc/bin/../lib/gcc/arm-none-eabi/5.4.1/../../../../arm-none-eabi/lib/armv7-m\libg_nano.a(lib_a-nano-freer.o)
                              c:/users/toshiba/downloads/iti/turkey/arm tools iti/arm gcc/bin/../lib/gcc/arm-none-eabi/5.4.1/../../../../arm-none-eabi/lib/armv7-m\libg_nano.a(lib_a-nano-svfprintf.o) (_free_r)
c:/users/toshiba/downloads/iti/turkey/arm tools iti/arm gcc/bin/../lib/gcc/arm-none-eabi/5.4.1/../../../../arm-none-eabi/lib/armv7-m\libg_nano.a(lib_a-nano-mallocr.o)
                              c:/users/toshiba/downloads/iti/turkey/arm tools iti/arm gcc/bin/../lib/gcc/arm-none-eabi/5.4.1/../../../../arm-none-eabi/lib/armv7-m\libg_nano.a(lib_a-nano-svfprintf.o) (_malloc_r)
c:/users/toshiba/downloads/iti/turkey/arm tools iti/arm gcc/bin/../lib/gcc/arm-none-eabi/5.4.1/../../../../arm-none-eabi/lib/armv7-m\libg_nano.a(lib_a-nano-reallocr.o)
                              c:/users/toshiba/downloads/iti/turkey/arm tools iti/arm gcc/bin/../lib/gcc/arm-none-eabi/5.4.1/../../../../arm-none-eabi/lib/armv7-m\libg_nano.a(lib_a-nano-svfprintf.o) (_realloc_r)
[...]
Memory Configuration

Name             Origin             Length             Attributes
MarkerRAM        0x20000000         0x00000004         xrw
RAM              0x20000004         0x00004ffc         xrw
CCMRAM           0x00000000         0x00000000         xrw
FLASH            0x08002000         0x0000e000         xr
FLASHB1          0x00000000         0x00000000         xr
EXTMEMB0         0x00000000         0x00000000         xr
EXTMEMB1         0x00000000         0x00000000         xr
EXTMEMB2         0x00000000         0x00000000         xr
EXTMEMB3         0x00000000         0x00000000         xr
MEMORY_ARRAY     0x00000000         0x00000000         xrw
*default*        0x00000000         0xffffffff

Linker script and memory map

LOAD ./system/src/stm32f1-stdperiph/misc.o
LOAD ./system/src/stm32f1-stdperiph/stm32f10x_gpio.o
LOAD ./system/src/stm32f1-stdperiph/stm32f10x_rcc.o
LOAD ./system/src/newlib/_cxx.o
LOAD ./system/src/newlib/_exit.o
LOAD ./system/src/newlib/_sbrk.o
LOAD ./system/src/newlib/_startup.o
LOAD ./system/src/newlib/_syscalls.o
LOAD ./system/src/newlib/assert.o
LOAD ./system/src/diag/Trace.o
LOAD ./system/src/diag/trace_impl.o
LOAD ./system/src/cortexm/_initialize_hardware.o
LOAD ./system/src/cortexm/_reset_hardware.o
LOAD ./system/src/cortexm/exception_handlers.o
LOAD ./system/src/cmsis/system_stm32f10x.o
LOAD ./system/src/cmsis/vectors_stm32f10x.o
LOAD ./src/DGPIO.o
LOAD ./src/DNVIC.o
LOAD ./src/DRCC.o
LOAD ./src/DSYSTICK.o
LOAD ./src/EXT_INT.o
LOAD ./src/EXT_INT_cfg.o
LOAD ./src/Sched.o
LOAD ./src/Sched_config.o
LOAD ./src/main.o
LOAD c:/users/toshiba/downloads/iti/turkey/arm tools iti/arm gcc/bin/../lib/gcc/arm-none-eabi/5.4.1/../../../../arm-none-eabi/lib/armv7-m\libstdc++_nano.a
LOAD c:/users/toshiba/downloads/iti/turkey/arm tools iti/arm gcc/bin/../lib/gcc/arm-none-eabi/5.4.1/../../../../arm-none-eabi/lib/armv7-m\libm.a
START GROUP
LOAD c:/users/toshiba/downloads/iti/turkey/arm tools iti/arm gcc/bin/../lib/gcc/arm-none-eabi/5.4.1/armv7-m\libgcc.a
LOAD c:/users/toshiba/downloads/iti/turkey/arm tools iti/arm gcc/bin/../lib/gcc/arm-none-eabi/5.4.1/../../../../arm-none-eabi/lib/armv7-m\libg_nano.a
LOAD c:/users/toshiba/downloads/iti/turkey/arm tools iti/arm gcc/bin/../lib/gcc/arm-none-eabi/5.4.1/../../../../arm-none-eabi/lib/armv7-m\libc_nano.a
END GROUP
START GROUP
LOAD c:/users/toshiba/downloads/iti/turkey/arm tools iti/arm gcc/bin/../lib/gcc/arm-none-eabi/5.4.1/armv7-m\libgcc.a
LOAD c:/users/toshiba/downloads/iti/turkey/arm tools iti/arm gcc/bin/../lib/gcc/arm-none-eabi/5.4.1/../../../../arm-none-eabi/lib/armv7-m\libc_nano.a
END GROUP
                0x20005000                __stack = (ORIGIN (RAM) + LENGTH (RAM))
                0x20005000                _estack = __stack
                0x00000400                __Main_Stack_Size = 0x400
                [!provide]                PROVIDE (_Main_Stack_Size, __Main_Stack_Size)
                0x20004c00                __Main_Stack_Limit = (__stack - __Main_Stack_Size)
                [!provide]                PROVIDE (_Main_Stack_Limit, __Main_Stack_Limit)
                0x00000100                _Minimum_Stack_Size = 0x100
                0x200001b0                PROVIDE (_Heap_Begin, _end_noinit)
                0x20004c00                PROVIDE (_Heap_Limit, (__stack - __Main_Stack_Size))

.isr_vector     0x08002000      0x354
 FILL mask 0xff
                0x08002000                __vectors_start = ABSOLUTE (.)
                0x08002000                __vectors_start__ = ABSOLUTE (.)
 *(.isr_vector)
 .isr_vector    0x08002000      0x10c ./system/src/cmsis/vectors_stm32f10x.o
                0x08002000                __isr_vectors
 *(.cfmconfig)
 *(.after_vectors .after_vectors.*)
 .after_vectors
                0x0800210c      0x114 ./system/src/newlib/_startup.o
                0x0800210c                _start
 .after_vectors
                0x08002220      0x130 ./system/src/cortexm/exception_handlers.o
                0x08002220                Reset_Handler
                0x08002228                NMI_Handler
                0x0800222c                HardFault_Handler
                0x08002240                HardFault_Handler_C
                0x080022a0                MemManage_Handler
                0x080022a4                BusFault_Handler
                0x080022b8                BusFault_Handler_C
                0x080022ec                UsageFault_Handler
                0x08002300                UsageFault_Handler_C
                0x08002334                SVC_Handler
                0x08002338                DebugMon_Handler
                0x0800233c                PendSV_Handler
 .after_vectors
                0x08002350        0x4 ./system/src/cmsis/vectors_stm32f10x.o
                0x08002350                EXTI2_IRQHandler
                0x08002350                TIM8_TRG_COM_IRQHandler
                0x08002350                TIM8_CC_IRQHandler
                0x08002350                TIM1_CC_IRQHandler
                0x08002350                TIM6_IRQHandler
                0x08002350                PVD_IRQHandler
                0x08002350                SDIO_IRQHandler
                0x08002350                CAN2_RX1_IRQHandler
                0x08002350                EXTI3_IRQHandler
                0x08002350                TIM8_TRG_COM_TIM14_IRQHandler
                0x08002350                TIM1_UP_TIM10_IRQHandler
                0x08002350                TIM8_UP_TIM13_IRQHandler
                0x08002350                I2C2_EV_IRQHandler
                0x08002350                CAN1_RX0_IRQHandler
                0x08002350                TIM1_UP_TIM16_IRQHandler
                0x08002350                CAN2_SCE_IRQHandler
                0x08002350                ADC1_2_IRQHandler
                0x08002350                SPI1_IRQHandler
                0x08002350                TAMPER_IRQHandler
                0x08002350                TIM6_DAC_IRQHandler
                0x08002350                TIM1_BRK_TIM9_IRQHandler
                0x08002350                CAN2_RX0_IRQHandler
                0x08002350                TIM8_UP_IRQHandler
                0x08002350                DMA2_Channel2_IRQHandler
                0x08002350                DMA1_Channel4_IRQHandler
                0x08002350                USART3_IRQHandler
                0x08002350                RTC_IRQHandler
                0x08002350                DMA1_Channel7_IRQHandler
                0x08002350                CAN1_RX1_IRQHandler
                0x08002350                UART5_IRQHandler
                0x08002350                ADC3_IRQHandler
                0x08002350                TIM4_IRQHandler
                0x08002350                DMA2_Channel1_IRQHandler
                0x08002350                I2C1_EV_IRQHandler
                0x08002350                DMA1_Channel6_IRQHandler
                0x08002350                UART4_IRQHandler
                0x08002350                DMA2_Channel4_IRQHandler
                0x08002350                TIM3_IRQHandler
                0x08002350                RCC_IRQHandler
                0x08002350                TIM8_BRK_TIM12_IRQHandler
                0x08002350                TIM1_TRG_COM_IRQHandler
                0x08002350                DMA1_Channel1_IRQHandler
                0x08002350                Default_Handler
                0x08002350                CEC_IRQHandler
                0x08002350                EXTI15_10_IRQHandler
                0x08002350                TIM14_IRQHandler
                0x08002350                TIM13_IRQHandler
                0x08002350                TIM12_IRQHandler
                0x08002350                TIM7_IRQHandler
                0x08002350                CAN2_TX_IRQHandler
                0x08002350                TIM5_IRQHandler
                0x08002350                EXTI9_5_IRQHandler
                0x08002350                ETH_WKUP_IRQHandler
                0x08002350                SPI2_IRQHandler
                0x08002350                CAN1_TX_IRQHandler
                0x08002350                DMA2_Channel5_IRQHandler
                0x08002350                DMA1_Channel5_IRQHandler
                0x08002350                EXTI4_IRQHandler
                0x08002350                USB_LP_CAN1_RX0_IRQHandler
                0x08002350                TIM1_TRG_COM_TIM17_IRQHandler
                0x08002350                USB_HP_CAN1_TX_IRQHandler
                0x08002350                DMA1_Channel3_IRQHandler
                0x08002350                FSMC_IRQHandler
                0x08002350                ETH_IRQHandler
                0x08002350                TIM1_UP_IRQHandler
                0x08002350                WWDG_IRQHandler
                0x08002350                TIM2_IRQHandler
                0x08002350                OTG_FS_WKUP_IRQHandler
                0x08002350                TIM1_TRG_COM_TIM11_IRQHandler
                0x08002350                TIM1_BRK_IRQHandler
                0x08002350                EXTI1_IRQHandler
                0x08002350                RTCAlarm_IRQHandler
                0x08002350                DMA2_Channel4_5_IRQHandler
                0x08002350                USART2_IRQHandler
                0x08002350                I2C2_ER_IRQHandler
                0x08002350                DMA1_Channel2_IRQHandler
                0x08002350                TIM8_BRK_IRQHandler
                0x08002350                CAN1_SCE_IRQHandler
                0x08002350                FLASH_IRQHandler
                0x08002350                USART1_IRQHandler
                0x08002350                OTG_FS_IRQHandler
                0x08002350                SPI3_IRQHandler
                0x08002350                I2C1_ER_IRQHandler
                0x08002350                USBWakeUp_IRQHandler
                0x08002350                DMA2_Channel3_IRQHandler
                0x08002350                TIM1_BRK_TIM15_IRQHandler

.inits          0x08002354       0x28
                0x08002354                __data_regions_array_start = .
                0x08002354        0x4 LONG 0x8003c20 LOADADDR (.data)
                0x08002358        0x4 LONG 0x20000008 ADDR (.data)
                0x0800235c        0x4 LONG 0x200000f0 (ADDR (.data) + SIZEOF (.data))
                0x08002360        0x4 LONG 0x8003c20 LOADADDR (.data_CCMRAM)
                0x08002364        0x4 LONG 0x0 ADDR (.data_CCMRAM)
                0x08002368        0x4 LONG 0x0 (ADDR (.data_CCMRAM) + SIZEOF (.data_CCMRAM))
                0x0800236c                __data_regions_array_end = .
                0x0800236c                __bss_regions_array_start = .
                0x0800236c        0x4 LONG 0x200000f0 ADDR (.bss)
                0x08002370        0x4 LONG 0x200001b0 (ADDR (.bss) + SIZEOF (.bss))
                0x08002374        0x4 LONG 0x0 ADDR (.bss_CCMRAM)
                0x08002378        0x4 LONG 0x0 (ADDR (.bss_CCMRAM) + SIZEOF (.bss_CCMRAM))
                0x0800237c                __bss_regions_array_end = .
 *(.init)
 *(.fini)
                0x0800237c                . = ALIGN (0x4)
                0x0800237c                PROVIDE (__preinit_array_start, .)
 *(.preinit_array_sysinit .preinit_array_sysinit.*)
 *(.preinit_array_platform .preinit_array_platform.*)
 *(.preinit_array .preinit_array.*)
                0x0800237c                PROVIDE (__preinit_array_end, .)
                0x0800237c                . = ALIGN (0x4)
                0x0800237c                PROVIDE (__init_array_start, .)
 *(SORT(.init_array.*))
 *(.init_array)
                0x0800237c                PROVIDE (__init_array_end, .)
                0x0800237c                . = ALIGN (0x4)
                0x0800237c                PROVIDE (__fini_array_start, .)
 *(SORT(.fini_array.*))
 *(.fini_array)
                0x0800237c                PROVIDE (__fini_array_end, .)

.flashtext
 *(.flashtext .flashtext.*)

.text           0x0800237c     0x189b
 *(.text .text.*)
 .text._exit    0x0800237c        0x4 ./system/src/newlib/_exit.o
                0x0800237c                _exit
 .text._sbrk    0x08002380       0x44 ./system/src/newlib/_sbrk.o
                0x08002380                _sbrk
 .text.__initialize_args
                0x080023c4       0x10 ./system/src/newlib/_syscalls.o
                0x080023c4                __initialize_args
 .text.trace_printf
                0x080023d4       0x30 ./system/src/diag/Trace.o
                0x080023d4                trace_printf
 .text._trace_write_semihosting_debug
                0x08002404       0x64 ./system/src/diag/trace_impl.o
 .text.trace_write
                0x08002468        0x8 ./system/src/diag/trace_impl.o
                0x08002468                trace_write
 .text.__initialize_hardware_early
                0x08002470       0x18 ./system/src/cortexm/_initialize_hardware.o
                0x08002470                __initialize_hardware_early
 .text.__initialize_hardware
                0x08002488        0x8 ./system/src/cortexm/_initialize_hardware.o
                0x08002488                __initialize_hardware
 .text.dumpExceptionStack
                0x08002490       0xf0 ./system/src/cortexm/exception_handlers.o
                0x08002490                dumpExceptionStack
 .text.isSemihosting
                0x08002580       0x20 ./system/src/cortexm/exception_handlers.o
                0x08002580                isSemihosting
 .text.SetSysClockTo72
                0x080025a0       0xc4 ./system/src/cmsis/system_stm32f10x.o
 .text.SetSysClock
                0x08002664        0x8 ./system/src/cmsis/system_stm32f10x.o
 .text.SystemInit
                0x0800266c       0x50 ./system/src/cmsis/system_stm32f10x.o
                0x0800266c                SystemInit
 .text.SystemCoreClockUpdate
                0x080026bc       0x94 ./system/src/cmsis/system_stm32f10x.o
                0x080026bc                SystemCoreClockUpdate
 .text.GPIO_Config
                0x08002750      0x174 ./src/DGPIO.o
                0x08002750                GPIO_Config
 .text.GPIO_Writee
                0x080028c4       0x18 ./src/DGPIO.o
                0x080028c4                GPIO_Writee
 .text.DNVIC_EnableIRQ
                0x080028dc       0x24 ./src/DNVIC.o
                0x080028dc                DNVIC_EnableIRQ
 .text.DNVIC_voidSysReset
                0x08002900       0x10 ./src/DNVIC.o
                0x08002900                DNVIC_voidSysReset
 .text.RCC_GetSystemClk
                0x08002910       0x70 ./src/DRCC.o
 .text.RCC_SetPriephralStatus
                0x08002980       0x8c ./src/DRCC.o
                0x08002980                RCC_SetPriephralStatus
 .text.RCC_GetBusClock
                0x08002a0c      0x140 ./src/DRCC.o
                0x08002a0c                RCC_GetBusClock
 .text.SYSTICK_Init
                0x08002b4c       0x14 ./src/DSYSTICK.o
                0x08002b4c                SYSTICK_Init
 .text.SYSTICK_Start
                0x08002b60       0x14 ./src/DSYSTICK.o
                0x08002b60                SYSTICK_Start
 .text.SYSTICK_SetCallback
                0x08002b74       0x14 ./src/DSYSTICK.o
                0x08002b74                SYSTICK_SetCallback
 .text.SYSTICK_SetTime
                0x08002b88       0x54 ./src/DSYSTICK.o
                0x08002b88                SYSTICK_SetTime
 .text.SysTick_Handler
                0x08002bdc       0x14 ./src/DSYSTICK.o
                0x08002bdc                SysTick_Handler
 .text.DEXTI_Init
                0x08002bf0      0x120 ./src/EXT_INT.o
                0x08002bf0                DEXTI_Init
 .text.DEXTI_SetCBF
                0x08002d10       0x14 ./src/EXT_INT.o
                0x08002d10                DEXTI_SetCBF
 .text.EXTI0_IRQHandler
                0x08002d24       0x20 ./src/EXT_INT.o
                0x08002d24                EXTI0_IRQHandler
 .text.Sched_SetOSFlag
                0x08002d44       0x10 ./src/Sched.o
 .text.Sched    0x08002d54       0x60 ./src/Sched.o
 .text.Sched_Init
                0x08002db4       0x6c ./src/Sched.o
                0x08002db4                Sched_Init
 .text.Sched_Start
                0x08002e20       0x20 ./src/Sched.o
                0x08002e20                Sched_Start
 .text.blink    0x08002e40       0x38 ./src/main.o
                0x08002e40                blink
 .text.EXTI0_CBF
                0x08002e78       0x14 ./src/main.o
                0x08002e78                EXTI0_CBF
 .text.main     0x08002e8c       0x54 ./src/main.o
                0x08002e8c                main
 .text          0x08002ee0       0x30 c:/users/toshiba/downloads/iti/turkey/arm tools iti/arm gcc/bin/../lib/gcc/arm-none-eabi/5.4.1/armv7-m\libgcc.a(_aeabi_uldivmod.o)
                0x08002ee0                __aeabi_uldivmod
 .text          0x08002f10      0x2ec c:/users/toshiba/downloads/iti/turkey/arm tools iti/arm gcc/bin/../lib/gcc/arm-none-eabi/5.4.1/armv7-m\libgcc.a(_udivmoddi4.o)
                0x08002f10                __udivmoddi4
 .text          0x080031fc        0x4 c:/users/toshiba/downloads/iti/turkey/arm tools iti/arm gcc/bin/../lib/gcc/arm-none-eabi/5.4.1/armv7-m\libgcc.a(_dvmd_tls.o)
                0x080031fc                __aeabi_idiv0
                0x080031fc                __aeabi_ldiv0
 .text.__errno  0x08003200        0xc c:/users/toshiba/downloads/iti/turkey/arm tools iti/arm gcc/bin/../lib/gcc/arm-none-eabi/5.4.1/../../../../arm-none-eabi/lib/armv7-m\libg_nano.a(lib_a-errno.o)
                0x08003200                __errno
 .text._vsnprintf_r
                0x0800320c       0x56 c:/users/toshiba/downloads/iti/turkey/arm tools iti/arm gcc/bin/../lib/gcc/arm-none-eabi/5.4.1/../../../../arm-none-eabi/lib/armv7-m\libg_nano.a(lib_a-vsnprintf.o)
                0x0800320c                _vsniprintf_r
                0x0800320c                _vsnprintf_r
 *fill*         0x08003262        0x2 
 .text.vsnprintf
                0x08003264       0x1c c:/users/toshiba/downloads/iti/turkey/arm tools iti/arm gcc/bin/../lib/gcc/arm-none-eabi/5.4.1/../../../../arm-none-eabi/lib/armv7-m\libg_nano.a(lib_a-vsnprintf.o)
                0x08003264                vsniprintf
                0x08003264                vsnprintf
 .text.__ssputs_r
                0x08003280       0xb2 c:/users/toshiba/downloads/iti/turkey/arm tools iti/arm gcc/bin/../lib/gcc/arm-none-eabi/5.4.1/../../../../arm-none-eabi/lib/armv7-m\libg_nano.a(lib_a-nano-svfprintf.o)
                0x08003280                __ssputs_r
 *fill*         0x08003332        0x2 
 .text._svfprintf_r
                0x08003334      0x1e8 c:/users/toshiba/downloads/iti/turkey/arm tools iti/arm gcc/bin/../lib/gcc/arm-none-eabi/5.4.1/../../../../arm-none-eabi/lib/armv7-m\libg_nano.a(lib_a-nano-svfprintf.o)
                0x08003334                _svfiprintf_r
                0x08003334                _svfprintf_r
 .text._printf_common
                0x0800351c       0xec c:/users/toshiba/downloads/iti/turkey/arm tools iti/arm gcc/bin/../lib/gcc/arm-none-eabi/5.4.1/../../../../arm-none-eabi/lib/armv7-m\libg_nano.a(lib_a-nano-vfprintf_i.o)
                0x0800351c                _printf_common
 .text._printf_i
                0x08003608      0x24c c:/users/toshiba/downloads/iti/turkey/arm tools iti/arm gcc/bin/../lib/gcc/arm-none-eabi/5.4.1/../../../../arm-none-eabi/lib/armv7-m\libg_nano.a(lib_a-nano-vfprintf_i.o)
                0x08003608                _printf_i
 .text.memchr   0x08003854       0x1c c:/users/toshiba/downloads/iti/turkey/arm tools iti/arm gcc/bin/../lib/gcc/arm-none-eabi/5.4.1/../../../../arm-none-eabi/lib/armv7-m\libg_nano.a(lib_a-memchr-stub.o)
                0x08003854                memchr
 .text.memcpy   0x08003870       0x16 c:/users/toshiba/downloads/iti/turkey/arm tools iti/arm gcc/bin/../lib/gcc/arm-none-eabi/5.4.1/../../../../arm-none-eabi/lib/armv7-m\libg_nano.a(lib_a-memcpy-stub.o)
                0x08003870                memcpy
 .text.memmove  0x08003886       0x36 c:/users/toshiba/downloads/iti/turkey/arm tools iti/arm gcc/bin/../lib/gcc/arm-none-eabi/5.4.1/../../../../arm-none-eabi/lib/armv7-m\libg_nano.a(lib_a-memmove.o)
                0x08003886                memmove
 .text._free_r  0x080038bc       0x98 c:/users/toshiba/downloads/iti/turkey/arm tools iti/arm gcc/bin/../lib/gcc/arm-none-eabi/5.4.1/../../../../arm-none-eabi/lib/armv7-m\libg_nano.a(lib_a-nano-freer.o)
                0x080038bc                _free_r
 .text._malloc_r
                0x08003954       0xbc c:/users/toshiba/downloads/iti/turkey/arm tools iti/arm gcc/bin/../lib/gcc/arm-none-eabi/5.4.1/../../../../arm-none-eabi/lib/armv7-m\libg_nano.a(lib_a-nano-mallocr.o)
                0x08003954                _malloc_r
 .text._realloc_r
                0x08003a10       0x4c c:/users/toshiba/downloads/iti/turkey/arm tools iti/arm gcc/bin/../lib/gcc/arm-none-eabi/5.4.1/../../../../arm-none-eabi/lib/armv7-m\libg_nano.a(lib_a-nano-reallocr.o)
                0x08003a10                _realloc_r
 .text._sbrk_r  0x08003a5c       0x20 c:/users/toshiba/downloads/iti/turkey/arm tools iti/arm gcc/bin/../lib/gcc/arm-none-eabi/5.4.1/../../../../arm-none-eabi/lib/armv7-m\libg_nano.a(lib_a-sbrkr.o)
                0x08003a5c                _sbrk_r
 .text.__malloc_lock
                0x08003a7c        0x2 c:/users/toshiba/downloads/iti/turkey/arm tools iti/arm gcc/bin/../lib/gcc/arm-none-eabi/5.4.1/../../../../arm-none-eabi/lib/armv7-m\libg_nano.a(lib_a-mlock.o)
                0x08003a7c                __malloc_lock
 .text.__malloc_unlock
                0x08003a7e        0x2 c:/users/toshiba/downloads/iti/turkey/arm tools iti/arm gcc/bin/../lib/gcc/arm-none-eabi/5.4.1/../../../../arm-none-eabi/lib/armv7-m\libg_nano.a(lib_a-mlock.o)
                0x08003a7e                __malloc_unlock
 .text._malloc_usable_size_r
                0x08003a80       0x14 c:/users/toshiba/downloads/iti/turkey/arm tools iti/arm gcc/bin/../lib/gcc/arm-none-eabi/5.4.1/../../../../arm-none-eabi/lib/armv7-m\libg_nano.a(lib_a-nano-msizer.o)
                0x08003a80                _malloc_usable_size_r
 *(.rodata .rodata.* .constdata .constdata.*)
 .rodata.str1.4
                0x08003a94      0x148 ./system/src/cortexm/exception_handlers.o
                                0x146 (size before relaxing)
 .rodata.SysTask_info
                0x08003bdc        0x8 ./src/Sched_config.o
                0x08003bdc                SysTask_info
 .rodata.str1.1
                0x08003be4       0x11 c:/users/toshiba/downloads/iti/turkey/arm tools iti/arm gcc/bin/../lib/gcc/arm-none-eabi/5.4.1/../../../../arm-none-eabi/lib/armv7-m\libg_nano.a(lib_a-nano-svfprintf.o)
 .rodata.str1.1
                0x08003bf5       0x22 c:/users/toshiba/downloads/iti/turkey/arm tools iti/arm gcc/bin/../lib/gcc/arm-none-eabi/5.4.1/../../../../arm-none-eabi/lib/armv7-m\libg_nano.a(lib_a-nano-vfprintf_i.o)
 *(vtable)
 *(.eh_frame*)
 *(.glue_7)
 .glue_7        0x08003c17        0x0 linker stubs
 *(.glue_7t)
 .glue_7t       0x08003c17        0x0 linker stubs

.vfp11_veneer   0x08003c18        0x0
 .vfp11_veneer  0x08003c18        0x0 linker stubs

.v4_bx          0x08003c18        0x0
 .v4_bx         0x08003c18        0x0 linker stubs

.iplt           0x08003c18        0x0
 .iplt          0x08003c18        0x0 ./system/src/stm32f1-stdperiph/misc.o

.ARM.extab
 *(.ARM.extab* .gnu.linkonce.armextab.*)
                0x08003c18                . = ALIGN (0x4)
                0x08003c18                __exidx_start = .

.ARM.exidx      0x08003c18        0x8
 *(.ARM.exidx* .gnu.linkonce.armexidx.*)
 .ARM.exidx     0x08003c18        0x8 c:/users/toshiba/downloads/iti/turkey/arm tools iti/arm gcc/bin/../lib/gcc/arm-none-eabi/5.4.1/armv7-m\libgcc.a(_udivmoddi4.o)
                0x08003c20                __exidx_end = .

.rel.dyn        0x08003c20        0x0
 .rel.iplt      0x08003c20        0x0 ./system/src/stm32f1-stdperiph/misc.o
                0x08003c20                . = ALIGN (0x4)
                0x08003c20                _etext = .
                0x08003c20                __etext = .

.data_CCMRAM    0x00000000        0x0 load address 0x08003c20
 FILL mask 0xff
 *(.data.CCMRAM .data.CCMRAM.*)
                0x00000000                . = ALIGN (0x4)
                0x08003c20                _sidata = LOADADDR (.data)

.data           0x20000008       0xe8 load address 0x08003c20
 FILL mask 0xff
                0x20000008                _sdata = .
                0x20000008                __data_start__ = .
 *(.data_begin .data_begin.*)
 .data_begin    0x20000008        0x4 ./system/src/newlib/_startup.o
 *(.data .data.*)
 .data.argv.4290
                0x2000000c        0x8 ./system/src/newlib/_syscalls.o
 .data.AHBPrescTable
                0x20000014       0x10 ./system/src/cmsis/system_stm32f10x.o
                0x20000014                AHBPrescTable
 .data.SystemCoreClock
                0x20000024        0x4 ./system/src/cmsis/system_stm32f10x.o
                0x20000024                SystemCoreClock
 .data.NV       0x20000028        0x4 ./src/DNVIC.o
                0x20000028                NV
 *fill*         0x2000002c        0x4 ff
 .data.EXTI_CFG
                0x20000030       0x30 ./src/EXT_INT_cfg.o
                0x20000030                EXTI_CFG
 .data.task1    0x20000060        0x8 ./src/main.o
                0x20000060                task1
 .data.testPin  0x20000068       0x20 ./src/main.o
                0x20000068                testPin
 .data.impure_data
                0x20000088       0x60 c:/users/toshiba/downloads/iti/turkey/arm tools iti/arm gcc/bin/../lib/gcc/arm-none-eabi/5.4.1/../../../../arm-none-eabi/lib/armv7-m\libg_nano.a(lib_a-impure.o)
 .data._impure_ptr
                0x200000e8        0x4 c:/users/toshiba/downloads/iti/turkey/arm tools iti/arm gcc/bin/../lib/gcc/arm-none-eabi/5.4.1/../../../../arm-none-eabi/lib/armv7-m\libg_nano.a(lib_a-impure.o)
                0x200000e8                _impure_ptr
 *(.data_end .data_end.*)
 .data_end      0x200000ec        0x4 ./system/src/newlib/_startup.o
                0x200000f0                . = ALIGN (0x4)
                0x200000f0                _edata = .
                0x200000f0                __data_end__ = .

.igot.plt       0x200000f0        0x0 load address 0x08003d08
 .igot.plt      0x200000f0        0x0 ./system/src/stm32f1-stdperiph/misc.o

.bss_CCMRAM     0x00000000        0x0
 *(.bss.CCMRAM .bss.CCMRAM.*)

.bss            0x200000f0       0xc0
                0x200000f0                __bss_start__ = .
                0x200000f0                _sbss = .
 *(.bss_begin .bss_begin.*)
 .bss_begin     0x200000f0        0x4 ./system/src/newlib/_startup.o
 *(.bss .bss.*)
 .bss.current_heap_end.3974
                0x200000f4        0x4 ./system/src/newlib/_sbrk.o
 .bss.name.4289
                0x200000f8        0x1 ./system/src/newlib/_syscalls.o
 *fill*         0x200000f9        0x3 
 .bss.buf.5179  0x200000fc       0x80 ./system/src/diag/Trace.o
 .bss.flag.3849
                0x2000017c        0x1 ./src/main.o
 *fill*         0x2000017d        0x3 
 .bss.__malloc_sbrk_start
                0x20000180        0x4 c:/users/toshiba/downloads/iti/turkey/arm tools iti/arm gcc/bin/../lib/gcc/arm-none-eabi/5.4.1/../../../../arm-none-eabi/lib/armv7-m\libg_nano.a(lib_a-nano-mallocr.o)
                0x20000180                __malloc_sbrk_start
 .bss.__malloc_free_list
                0x20000184        0x4 c:/users/toshiba/downloads/iti/turkey/arm tools iti/arm gcc/bin/../lib/gcc/arm-none-eabi/5.4.1/../../../../arm-none-eabi/lib/armv7-m\libg_nano.a(lib_a-nano-mallocr.o)
                0x20000184                __malloc_free_list
 *(COMMON)
 COMMON         0x20000188        0x4 ./system/src/newlib/_syscalls.o
                0x20000188                errno
 COMMON         0x2000018c        0x4 ./src/DSYSTICK.o
                0x2000018c                APPcbf
 COMMON         0x20000190        0x4 ./src/EXT_INT.o
                0x20000190                CBF
 COMMON         0x20000194       0x18 ./src/Sched.o
                0x20000194                idx
                0x20000198                SysTask
                0x200001a8                OSFlag
 *(.bss_end .bss_end.*)
 .bss_end       0x200001ac        0x4 ./system/src/newlib/_startup.o
                0x200001b0                . = ALIGN (0x4)
                0x200001b0                __bss_end__ = .
                0x200001b0                _ebss = .

.noinit_CCMRAM
 *(.noinit.CCMRAM .noinit.CCMRAM.*)

.noinit         0x200001b0        0x0
                0x200001b0                _noinit = .
 *(.noinit .noinit.*)
                0x200001b0                . = ALIGN (0x4)
                0x200001b0                _end_noinit = .
                [!provide]                PROVIDE (end, _end_noinit)
                [!provide]                PROVIDE (_end, _end_noinit)
                [!provide]                PROVIDE (__end, _end_noinit)
                [!provide]                PROVIDE (__end__, _end_noinit)

._check_stack   0x200001b0      0x100
                0x200002b0                . = (. + _Minimum_Stack_Size)
 *fill*         0x200001b0      0x100 

.b1text
 *(.b1text)
 *(.b1rodata)
 *(.b1rodata.*)

.eb0text
 *(.eb0text)
 *(.eb0rodata)
 *(.eb0rodata.*)

.eb1text
 *(.eb1text)
 *(.eb1rodata)
 *(.eb1rodata.*)

.eb2text
 *(.eb2text)
 *(.eb2rodata)
 *(.eb2rodata.*)

.eb3text
 *(.eb3text)
 *(.eb3rodata)
 *(.eb3rodata.*)

.stab
 *(.stab)

.stabstr
 *(.stabstr)

.stab.excl
 *(.stab.excl)

.stab.exclstr
 *(.stab.exclstr)

.stab.index
 *(.stab.index)

.stab.indexstr
 *(.stab.indexstr)

.comment        0x00000000       0x6e
 *(.comment)
 .comment       0x00000000       0x6e ./system/src/newlib/_exit.o
                                 0x6f (size before relaxing)
 .comment       0x0000006e       0x6f ./system/src/newlib/_sbrk.o
 .comment       0x0000006e       0x6f ./system/src/newlib/_startup.o
 .comment       0x0000006e       0x6f ./system/src/newlib/_syscalls.o
 .comment       0x0000006e       0x6f ./system/src/diag/Trace.o
 .comment       0x0000006e       0x6f ./system/src/diag/trace_impl.o
 .comment       0x0000006e       0x6f ./system/src/cortexm/_initialize_hardware.o
 .comment       0x0000006e       0x6f ./system/src/cortexm/exception_handlers.o
 .comment       0x0000006e       0x6f ./system/src/cmsis/system_stm32f10x.o
 .comment       0x0000006e       0x6f ./system/src/cmsis/vectors_stm32f10x.o
 .comment       0x0000006e       0x6f ./src/DGPIO.o
 .comment       0x0000006e       0x6f ./src/DNVIC.o
 .comment       0x0000006e       0x6f ./src/DRCC.o
 .comment       0x0000006e       0x6f ./src/DSYSTICK.o
 .comment       0x0000006e       0x6f ./src/EXT_INT.o
 .comment       0x0000006e       0x6f ./src/EXT_INT_cfg.o
 .comment       0x0000006e       0x6f ./src/Sched.o
 .comment       0x0000006e       0x6f ./src/Sched_config.o
 .comment       0x0000006e       0x6f ./src/main.o

.ARM.attributes
                0x00000000       0x31
 .ARM.attributes
                0x00000000       0x33 ./system/src/newlib/_exit.o
 .ARM.attributes
                0x00000033       0x33 ./system/src/newlib/_sbrk.o
 .ARM.attributes
                0x00000066       0x33 ./system/src/newlib/_startup.o
 .ARM.attributes
                0x00000099       0x33 ./system/src/newlib/_syscalls.o
 .ARM.attributes
                0x000000cc       0x33 ./system/src/diag/Trace.o
 .ARM.attributes
                0x000000ff       0x33 ./system/src/diag/trace_impl.o
 .ARM.attributes
                0x00000132       0x33 ./system/src/cortexm/_initialize_hardware.o
 .ARM.attributes
                0x00000165       0x33 ./system/src/cortexm/exception_handlers.o
 .ARM.attributes
                0x00000198       0x33 ./system/src/cmsis/system_stm32f10x.o
 .ARM.attributes
                0x000001cb       0x33 ./system/src/cmsis/vectors_stm32f10x.o
 .ARM.attributes
                0x000001fe       0x33 ./src/DGPIO.o
 .ARM.attributes
                0x00000231       0x33 ./src/DNVIC.o
 .ARM.attributes
                0x00000264       0x33 ./src/DRCC.o
 .ARM.attributes
                0x00000297       0x33 ./src/DSYSTICK.o
 .ARM.attributes
                0x000002ca       0x33 ./src/EXT_INT.o
 .ARM.attributes
                0x000002fd       0x33 ./src/EXT_INT_cfg.o
 .ARM.attributes
                0x00000330       0x33 ./src/Sched.o
 .ARM.attributes
                0x00000363       0x33 ./src/Sched_config.o
 .ARM.attributes
                0x00000396       0x33 ./src/main.o
 .ARM.attributes
                0x000003c9       0x1d c:/users/toshiba/downloads/iti/turkey/arm tools iti/arm gcc/bin/../lib/gcc/arm-none-eabi/5.4.1/armv7-m\libgcc.a(_aeabi_uldivmod.o)
 .ARM.attributes
                0x000003e6       0x2d c:/users/toshiba/downloads/iti/turkey/arm tools iti/arm gcc/bin/../lib/gcc/arm-none-eabi/5.4.1/armv7-m\libgcc.a(_udivmoddi4.o)
 .ARM.attributes
                0x00000413       0x1d c:/users/toshiba/downloads/iti/turkey/arm tools iti/arm gcc/bin/../lib/gcc/arm-none-eabi/5.4.1/armv7-m\libgcc.a(_dvmd_tls.o)
 .ARM.attributes
                0x00000430       0x2d c:/users/toshiba/downloads/iti/turkey/arm tools iti/arm gcc/bin/../lib/gcc/arm-none-eabi/5.4.1/../../../../arm-none-eabi/lib/armv7-m\libg_nano.a(lib_a-errno.o)
 .ARM.attributes
                0x0000045d       0x2d c:/users/toshiba/downloads/iti/turkey/arm tools iti/arm gcc/bin/../lib/gcc/arm-none-eabi/5.4.1/../../../../arm-none-eabi/lib/armv7-m\libg_nano.a(lib_a-impure.o)
 .ARM.attributes
                0x0000048a       0x2d c:/users/toshiba/downloads/iti/turkey/arm tools iti/arm gcc/bin/../lib/gcc/arm-none-eabi/5.4.1/../../../../arm-none-eabi/lib/armv7-m\libg_nano.a(lib_a-vsnprintf.o)
 .ARM.attributes
                0x000004b7       0x2d c:/users/toshiba/downloads/iti/turkey/arm tools iti/arm gcc/bin/../lib/gcc/arm-none-eabi/5.4.1/../../../../arm-none-eabi/lib/armv7-m\libg_nano.a(lib_a-nano-svfprintf.o)
 .ARM.attributes
                0x000004e4       0x2d c:/users/toshiba/downloads/iti/turkey/arm tools iti/arm gcc/bin/../lib/gcc/arm-none-eabi/5.4.1/../../../../arm-none-eabi/lib/armv7-m\libg_nano.a(lib_a-nano-vfprintf_i.o)
 .ARM.attributes
                0x00000511       0x2d c:/users/toshiba/downloads/iti/turkey/arm tools iti/arm gcc/bin/../lib/gcc/arm-none-eabi/5.4.1/../../../../arm-none-eabi/lib/armv7-m\libg_nano.a(lib_a-memchr-stub.o)
 .ARM.attributes
                0x0000053e       0x2d c:/users/toshiba/downloads/iti/turkey/arm tools iti/arm gcc/bin/../lib/gcc/arm-none-eabi/5.4.1/../../../../arm-none-eabi/lib/armv7-m\libg_nano.a(lib_a-memcpy-stub.o)
 .ARM.attributes
                0x0000056b       0x2d c:/users/toshiba/downloads/iti/turkey/arm tools iti/arm gcc/bin/../lib/gcc/arm-none-eabi/5.4.1/../../../../arm-none-eabi/lib/armv7-m\libg_nano.a(lib_a-memmove.o)
 .ARM.attributes
                0x00000598       0x2d c:/users/toshiba/downloads/iti/turkey/arm tools iti/arm gcc/bin/../lib/gcc/arm-none-eabi/5.4.1/../../../../arm-none-eabi/lib/armv7-m\libg_nano.a(lib_a-nano-freer.o)
 .ARM.attributes
                0x000005c5       0x2d c:/users/toshiba/downloads/iti/turkey/arm tools iti/arm gcc/bin/../lib/gcc/arm-none-eabi/5.4.1/../../../../arm-none-eabi/lib/armv7-m\libg_nano.a(lib_a-nano-mallocr.o)
 .ARM.attributes
                0x000005f2       0x2d c:/users/toshiba/downloads/iti/turkey/arm tools iti/arm gcc/bin/../lib/gcc/arm-none-eabi/5.4.1/../../../../arm-none-eabi/lib/armv7-m\libg_nano.a(lib_a-nano-reallocr.o)
 .ARM.attributes
                0x0000061f       0x2d c:/users/toshiba/downloads/iti/turkey/arm tools iti/arm gcc/bin/../lib/gcc/arm-none-eabi/5.4.1/../../../../arm-none-eabi/lib/armv7-m\libg_nano.a(lib_a-sbrkr.o)
 .ARM.attributes
                0x0000064c       0x2d c:/users/toshiba/downloads/iti/turkey/arm tools iti/arm gcc/bin/../lib/gcc/arm-none-eabi/5.4.1/../../../../arm-none-eabi/lib/armv7-m\libg_nano.a(lib_a-mlock.o)
 .ARM.attributes
                0x00000679       0x2d c:/users/toshiba/downloads/iti/turkey/arm tools iti/arm gcc/bin/../lib/gcc/arm-none-eabi/5.4.1/../../../../arm-none-eabi/lib/armv7-m\libg_nano.a(lib_a-nano-msizer.o)

.debug
 *(.debug)

.line
 *(.line)

.debug_srcinfo
 *(.debug_srcinfo)

.debug_sfnames
 *(.debug_sfnames)

.debug_aranges  0x00000000      0x468
 *(.debug_aranges)
 .debug_aranges
                0x00000000       0x28 ./system/src/newlib/_exit.o
 .debug_aranges
                0x00000028       0x20 ./system/src/newlib/_sbrk.o
 .debug_aranges
                0x00000048       0x40 ./system/src/newlib/_startup.o
 .debug_aranges
                0x00000088       0x30 ./system/src/newlib/_syscalls.o
 .debug_aranges
                0x000000b8       0x38 ./system/src/diag/Trace.o
 .debug_aranges
                0x000000f0       0x30 ./system/src/diag/trace_impl.o
 .debug_aranges
                0x00000120       0x28 ./system/src/cortexm/_initialize_hardware.o
 .debug_aranges
                0x00000148       0x90 ./system/src/cortexm/exception_handlers.o
 .debug_aranges
                0x000001d8       0x38 ./system/src/cmsis/system_stm32f10x.o
 .debug_aranges
                0x00000210       0x20 ./system/src/cmsis/vectors_stm32f10x.o
 .debug_aranges
                0x00000230       0x38 ./src/DGPIO.o
 .debug_aranges
                0x00000268       0x98 ./src/DNVIC.o
 .debug_aranges
                0x00000300       0x50 ./src/DRCC.o
 .debug_aranges
                0x00000350       0x48 ./src/DSYSTICK.o
 .debug_aranges
                0x00000398       0x30 ./src/EXT_INT.o
 .debug_aranges
                0x000003c8       0x18 ./src/EXT_INT_cfg.o
 .debug_aranges
                0x000003e0       0x40 ./src/Sched.o
 .debug_aranges
                0x00000420       0x18 ./src/Sched_config.o
 .debug_aranges
                0x00000438       0x30 ./src/main.o

.debug_pubnames
 *(.debug_pubnames)

.debug_info     0x00000000     0x345c
 *(.debug_info .gnu.linkonce.wi.*)
 .debug_info    0x00000000       0xef ./system/src/newlib/_exit.o
 .debug_info    0x000000ef      0x11f ./system/src/newlib/_sbrk.o
 .debug_info    0x0000020e      0x455 ./system/src/newlib/_startup.o
 .debug_info    0x00000663      0x1c7 ./system/src/newlib/_syscalls.o
 .debug_info    0x0000082a      0x2e7 ./system/src/diag/Trace.o
 .debug_info    0x00000b11      0x30b ./system/src/diag/trace_impl.o
 .debug_info    0x00000e1c      0x2b1 ./system/src/cortexm/_initialize_hardware.o
 .debug_info    0x000010cd      0x8da ./system/src/cortexm/exception_handlers.o
 .debug_info    0x000019a7      0x497 ./system/src/cmsis/system_stm32f10x.o
 .debug_info    0x00001e3e       0xd1 ./system/src/cmsis/vectors_stm32f10x.o
 .debug_info    0x00001f0f      0x264 ./src/DGPIO.o
 .debug_info    0x00002173      0x3b1 ./src/DNVIC.o
 .debug_info    0x00002524      0x23a ./src/DRCC.o
 .debug_info    0x0000275e      0x149 ./src/DSYSTICK.o
 .debug_info    0x000028a7      0x333 ./src/EXT_INT.o
 .debug_info    0x00002bda      0x198 ./src/EXT_INT_cfg.o
 .debug_info    0x00002d72      0x2ae ./src/Sched.o
 .debug_info    0x00003020      0x104 ./src/Sched_config.o
 .debug_info    0x00003124      0x338 ./src/main.o

.debug_abbrev   0x00000000     0x157a
 *(.debug_abbrev)
 .debug_abbrev  0x00000000       0x8e ./system/src/newlib/_exit.o
 .debug_abbrev  0x0000008e       0xb9 ./system/src/newlib/_sbrk.o
 .debug_abbrev  0x00000147      0x1ac ./system/src/newlib/_startup.o
 .debug_abbrev  0x000002f3       0xec ./system/src/newlib/_syscalls.o
 .debug_abbrev  0x000003df      0x156 ./system/src/diag/Trace.o
 .debug_abbrev  0x00000535      0x1c8 ./system/src/diag/trace_impl.o
 .debug_abbrev  0x000006fd       0xea ./system/src/cortexm/_initialize_hardware.o
 .debug_abbrev  0x000007e7      0x247 ./system/src/cortexm/exception_handlers.o
 .debug_abbrev  0x00000a2e      0x159 ./system/src/cmsis/system_stm32f10x.o
 .debug_abbrev  0x00000b87       0x9d ./system/src/cmsis/vectors_stm32f10x.o
 .debug_abbrev  0x00000c24       0xd7 ./src/DGPIO.o
 .debug_abbrev  0x00000cfb      0x110 ./src/DNVIC.o
 .debug_abbrev  0x00000e0b      0x118 ./src/DRCC.o
 .debug_abbrev  0x00000f23       0xd8 ./src/DSYSTICK.o
 .debug_abbrev  0x00000ffb      0x15f ./src/EXT_INT.o
 .debug_abbrev  0x0000115a       0xab ./src/EXT_INT_cfg.o
 .debug_abbrev  0x00001205      0x18c ./src/Sched.o
 .debug_abbrev  0x00001391       0x92 ./src/Sched_config.o
 .debug_abbrev  0x00001423      0x157 ./src/main.o

.debug_line     0x00000000     0x3013
 *(.debug_line)
 .debug_line    0x00000000      0x349 ./system/src/newlib/_exit.o
 .debug_line    0x00000349      0x2fa ./system/src/newlib/_sbrk.o
 .debug_line    0x00000643      0x3b0 ./system/src/newlib/_startup.o
 .debug_line    0x000009f3      0x418 ./system/src/newlib/_syscalls.o
 .debug_line    0x00000e0b      0x3b7 ./system/src/diag/Trace.o
 .debug_line    0x000011c2      0x62f ./system/src/diag/trace_impl.o
 .debug_line    0x000017f1      0x376 ./system/src/cortexm/_initialize_hardware.o
 .debug_line    0x00001b67      0x6d8 ./system/src/cortexm/exception_handlers.o
 .debug_line    0x0000223f      0x3d6 ./system/src/cmsis/system_stm32f10x.o
 .debug_line    0x00002615      0x106 ./system/src/cmsis/vectors_stm32f10x.o
 .debug_line    0x0000271b      0x153 ./src/DGPIO.o
 .debug_line    0x0000286e      0x197 ./src/DNVIC.o
 .debug_line    0x00002a05      0x1ae ./src/DRCC.o
 .debug_line    0x00002bb3       0xd4 ./src/DSYSTICK.o
 .debug_line    0x00002c87       0xde ./src/EXT_INT.o
 .debug_line    0x00002d65       0x69 ./src/EXT_INT_cfg.o
 .debug_line    0x00002dce      0x10f ./src/Sched.o
 .debug_line    0x00002edd       0x5e ./src/Sched_config.o
 .debug_line    0x00002f3b       0xd8 ./src/main.o

.debug_frame    0x00000000      0xb50
 *(.debug_frame)
 .debug_frame   0x00000000       0x38 ./system/src/newlib/_exit.o
 .debug_frame   0x00000038       0x28 ./system/src/newlib/_sbrk.o
 .debug_frame   0x00000060       0x7c ./system/src/newlib/_startup.o
 .debug_frame   0x000000dc       0x50 ./system/src/newlib/_syscalls.o
 .debug_frame   0x0000012c       0x94 ./system/src/diag/Trace.o
 .debug_frame   0x000001c0       0x60 ./system/src/diag/trace_impl.o
 .debug_frame   0x00000220       0x40 ./system/src/cortexm/_initialize_hardware.o
 .debug_frame   0x00000260      0x158 ./system/src/cortexm/exception_handlers.o
 .debug_frame   0x000003b8       0x68 ./system/src/cmsis/system_stm32f10x.o
 .debug_frame   0x00000420       0x20 ./system/src/cmsis/vectors_stm32f10x.o
 .debug_frame   0x00000440       0x6c ./src/DGPIO.o
 .debug_frame   0x000004ac      0x110 ./src/DNVIC.o
 .debug_frame   0x000005bc       0x90 ./src/DRCC.o
 .debug_frame   0x0000064c       0x80 ./src/DSYSTICK.o
 .debug_frame   0x000006cc       0x58 ./src/EXT_INT.o
 .debug_frame   0x00000724       0x84 ./src/Sched.o
 .debug_frame   0x000007a8       0x58 ./src/main.o
 .debug_frame   0x00000800       0x2c c:/users/toshiba/downloads/iti/turkey/arm tools iti/arm gcc/bin/../lib/gcc/arm-none-eabi/5.4.1/armv7-m\libgcc.a(_aeabi_uldivmod.o)
 .debug_frame   0x0000082c       0x38 c:/users/toshiba/downloads/iti/turkey/arm tools iti/arm gcc/bin/../lib/gcc/arm-none-eabi/5.4.1/armv7-m\libgcc.a(_udivmoddi4.o)
 .debug_frame   0x00000864       0x20 c:/users/toshiba/downloads/iti/turkey/arm tools iti/arm gcc/bin/../lib/gcc/arm-none-eabi/5.4.1/../../../../arm-none-eabi/lib/armv7-m\libg_nano.a(lib_a-errno.o)
 .debug_frame   0x00000884       0x48 c:/users/toshiba/downloads/iti/turkey/arm tools iti/arm gcc/bin/../lib/gcc/arm-none-eabi/5.4.1/../../../../arm-none-eabi/lib/armv7-m\libg_nano.a(lib_a-vsnprintf.o)
 .debug_frame   0x000008cc       0x90 c:/users/toshiba/downloads/iti/turkey/arm tools iti/arm gcc/bin/../lib/gcc/arm-none-eabi/5.4.1/../../../../arm-none-eabi/lib/armv7-m\libg_nano.a(lib_a-nano-svfprintf.o)
 .debug_frame   0x0000095c       0x60 c:/users/toshiba/downloads/iti/turkey/arm tools iti/arm gcc/bin/../lib/gcc/arm-none-eabi/5.4.1/../../../../arm-none-eabi/lib/armv7-m\libg_nano.a(lib_a-nano-vfprintf_i.o)
 .debug_frame   0x000009bc       0x28 c:/users/toshiba/downloads/iti/turkey/arm tools iti/arm gcc/bin/../lib/gcc/arm-none-eabi/5.4.1/../../../../arm-none-eabi/lib/armv7-m\libg_nano.a(lib_a-memchr-stub.o)
 .debug_frame   0x000009e4       0x28 c:/users/toshiba/downloads/iti/turkey/arm tools iti/arm gcc/bin/../lib/gcc/arm-none-eabi/5.4.1/../../../../arm-none-eabi/lib/armv7-m\libg_nano.a(lib_a-memcpy-stub.o)
 .debug_frame   0x00000a0c       0x28 c:/users/toshiba/downloads/iti/turkey/arm tools iti/arm gcc/bin/../lib/gcc/arm-none-eabi/5.4.1/../../../../arm-none-eabi/lib/armv7-m\libg_nano.a(lib_a-memmove.o)
 .debug_frame   0x00000a34       0x38 c:/users/toshiba/downloads/iti/turkey/arm tools iti/arm gcc/bin/../lib/gcc/arm-none-eabi/5.4.1/../../../../arm-none-eabi/lib/armv7-m\libg_nano.a(lib_a-nano-freer.o)
 .debug_frame   0x00000a6c       0x2c c:/users/toshiba/downloads/iti/turkey/arm tools iti/arm gcc/bin/../lib/gcc/arm-none-eabi/5.4.1/../../../../arm-none-eabi/lib/armv7-m\libg_nano.a(lib_a-nano-mallocr.o)
 .debug_frame   0x00000a98       0x3c c:/users/toshiba/downloads/iti/turkey/arm tools iti/arm gcc/bin/../lib/gcc/arm-none-eabi/5.4.1/../../../../arm-none-eabi/lib/armv7-m\libg_nano.a(lib_a-nano-reallocr.o)
 .debug_frame   0x00000ad4       0x2c c:/users/toshiba/downloads/iti/turkey/arm tools iti/arm gcc/bin/../lib/gcc/arm-none-eabi/5.4.1/../../../../arm-none-eabi/lib/armv7-m\libg_nano.a(lib_a-sbrkr.o)
 .debug_frame   0x00000b00       0x30 c:/users/toshiba/downloads/iti/turkey/arm tools iti/arm gcc/bin/../lib/gcc/arm-none-eabi/5.4.1/../../../../arm-none-eabi/lib/armv7-m\libg_nano.a(lib_a-mlock.o)
 .debug_frame   0x00000b30       0x20 c:/users/toshiba/downloads/iti/turkey/arm tools iti/arm gcc/bin/../lib/gcc/arm-none-eabi/5.4.1/../../../../arm-none-eabi/lib/armv7-m\libg_nano.a(lib_a-nano-msizer.o)

.debug_str      0x00000000    0x5860b
 *(.debug_str)
 .debug_str     0x00000000     0x6d48 ./system/src/newlib/_exit.o
                               0x6eba (size before relaxing)
 .debug_str     0x00006d48      0x4de ./system/src/newlib/_sbrk.o
                               0x62a5 (size before relaxing)
 .debug_str     0x00007226      0xbc3 ./system/src/newlib/_startup.o
                               0x5e5a (size before relaxing)
 .debug_str     0x00007de9      0xe18 ./system/src/newlib/_syscalls.o
                               0x7105 (size before relaxing)
 .debug_str     0x00008c01      0x890 ./system/src/diag/Trace.o
                               0x76aa (size before relaxing)
 .debug_str     0x00009491    0x4b2af ./system/src/diag/trace_impl.o
                              0x51e6c (size before relaxing)
 .debug_str     0x00054740       0xc4 ./system/src/cortexm/_initialize_hardware.o
                              0x4e026 (size before relaxing)
 .debug_str     0x00054804      0x1a6 ./system/src/cortexm/exception_handlers.o
                              0x52c2e (size before relaxing)
 .debug_str     0x000549aa      0x129 ./system/src/cmsis/system_stm32f10x.o
                              0x4e0d5 (size before relaxing)
 .debug_str     0x00054ad3       0x57 ./system/src/cmsis/vectors_stm32f10x.o
                               0x3075 (size before relaxing)
 .debug_str     0x00054b2a     0x1f4b ./src/DGPIO.o
                               0x44d2 (size before relaxing)
 .debug_str     0x00056a75      0x628 ./src/DNVIC.o
                               0x2bc8 (size before relaxing)
 .debug_str     0x0005709d      0xe62 ./src/DRCC.o
                               0x33f7 (size before relaxing)
 .debug_str     0x00057eff      0x200 ./src/DSYSTICK.o
                               0x27b0 (size before relaxing)
 .debug_str     0x000580ff      0x30a ./src/EXT_INT.o
                               0x5039 (size before relaxing)
 .debug_str     0x00058409       0x15 ./src/EXT_INT_cfg.o
                               0x463d (size before relaxing)
 .debug_str     0x0005841e      0x13a ./src/Sched.o
                               0x2d37 (size before relaxing)
 .debug_str     0x00058558       0x1c ./src/Sched_config.o
                               0x2643 (size before relaxing)
 .debug_str     0x00058574       0x97 ./src/main.o
                               0x500c (size before relaxing)

.debug_loc      0x00000000     0x1564
 *(.debug_loc)
 .debug_loc     0x00000000       0x82 ./system/src/newlib/_sbrk.o
 .debug_loc     0x00000082      0x265 ./system/src/newlib/_startup.o
 .debug_loc     0x000002e7       0x63 ./system/src/newlib/_syscalls.o
 .debug_loc     0x0000034a      0x102 ./system/src/diag/Trace.o
 .debug_loc     0x0000044c      0x17c ./system/src/diag/trace_impl.o
 .debug_loc     0x000005c8      0x2a8 ./system/src/cortexm/exception_handlers.o
 .debug_loc     0x00000870       0xdf ./system/src/cmsis/system_stm32f10x.o
 .debug_loc     0x0000094f      0x24a ./src/DGPIO.o
 .debug_loc     0x00000b99      0x270 ./src/DNVIC.o
 .debug_loc     0x00000e09      0x59d ./src/DRCC.o
 .debug_loc     0x000013a6       0xd3 ./src/DSYSTICK.o
 .debug_loc     0x00001479       0xa3 ./src/EXT_INT.o
 .debug_loc     0x0000151c       0x48 ./src/Sched.o

.debug_macinfo
 *(.debug_macinfo)

.debug_weaknames
 *(.debug_weaknames)

.debug_funcnames
 *(.debug_funcnames)

.debug_typenames
 *(.debug_typenames)

.debug_varnames
 *(.debug_varnames)
OUTPUT(LEDBlinkEXTI.elf elf32-littlearm)

.debug_ranges   0x00000000      0x388
 .debug_ranges  0x00000000       0x18 ./system/src/newlib/_exit.o
 .debug_ranges  0x00000018       0x10 ./system/src/newlib/_sbrk.o
 .debug_ranges  0x00000028       0x48 ./system/src/newlib/_startup.o
 .debug_ranges  0x00000070       0x20 ./system/src/newlib/_syscalls.o
 .debug_ranges  0x00000090       0x28 ./system/src/diag/Trace.o
 .debug_ranges  0x000000b8       0x38 ./system/src/diag/trace_impl.o
 .debug_ranges  0x000000f0       0x18 ./system/src/cortexm/_initialize_hardware.o
 .debug_ranges  0x00000108       0x98 ./system/src/cortexm/exception_handlers.o
 .debug_ranges  0x000001a0       0x28 ./system/src/cmsis/system_stm32f10x.o
 .debug_ranges  0x000001c8       0x10 ./system/src/cmsis/vectors_stm32f10x.o
 .debug_ranges  0x000001d8       0x28 ./src/DGPIO.o
 .debug_ranges  0x00000200       0x88 ./src/DNVIC.o
 .debug_ranges  0x00000288       0x58 ./src/DRCC.o
 .debug_ranges  0x000002e0       0x38 ./src/DSYSTICK.o
 .debug_ranges  0x00000318       0x20 ./src/EXT_INT.o
 .debug_ranges  0x00000338       0x30 ./src/Sched.o
 .debug_ranges  0x00000368       0x20 ./src/main.o

.debug_macro    0x00000000     0x32df
 .debug_macro   0x00000000      0x19c ./system/src/newlib/_exit.o
 .debug_macro   0x0000019c       0x9c ./system/src/newlib/_exit.o
 .debug_macro   0x00000238      0x10e ./system/src/newlib/_exit.o
 .debug_macro   0x00000346       0x8d ./system/src/newlib/_exit.o
 .debug_macro   0x000003d3       0x43 ./system/src/newlib/_exit.o
 .debug_macro   0x00000416      0x30d ./system/src/newlib/_exit.o
 .debug_macro   0x00000723       0x35 ./system/src/newlib/_exit.o
 .debug_macro   0x00000758      0x151 ./system/src/newlib/_sbrk.o
 .debug_macro   0x000008a9      0x174 ./system/src/newlib/_sbrk.o
 .debug_macro   0x00000a1d       0x10 ./system/src/newlib/_sbrk.o
 .debug_macro   0x00000a2d      0x23b ./system/src/newlib/_sbrk.o
 .debug_macro   0x00000c68      0x15b ./system/src/newlib/_startup.o
 .debug_macro   0x00000dc3      0x1ff ./system/src/newlib/_syscalls.o
 .debug_macro   0x00000fc2       0x1c ./system/src/newlib/_syscalls.o
 .debug_macro   0x00000fde       0x10 ./system/src/newlib/_syscalls.o
 .debug_macro   0x00000fee       0x10 ./system/src/newlib/_syscalls.o
 .debug_macro   0x00000ffe       0x10 ./system/src/newlib/_syscalls.o
 .debug_macro   0x0000100e       0x35 ./system/src/newlib/_syscalls.o
 .debug_macro   0x00001043      0x122 ./system/src/newlib/_syscalls.o
 .debug_macro   0x00001165       0x88 ./system/src/newlib/_syscalls.o
 .debug_macro   0x000011ed       0x2b ./system/src/newlib/_syscalls.o
 .debug_macro   0x00001218      0x118 ./system/src/newlib/_syscalls.o
 .debug_macro   0x00001330      0x159 ./system/src/newlib/_syscalls.o
 .debug_macro   0x00001489       0x16 ./system/src/newlib/_syscalls.o
 .debug_macro   0x0000149f      0x1d9 ./system/src/diag/Trace.o
 .debug_macro   0x00001678       0x16 ./system/src/diag/Trace.o
 .debug_macro   0x0000168e       0x97 ./system/src/diag/Trace.o
 .debug_macro   0x00001725       0xfd ./system/src/diag/Trace.o
 .debug_macro   0x00001822       0x10 ./system/src/diag/Trace.o
 .debug_macro   0x00001832       0x16 ./system/src/diag/Trace.o
 .debug_macro   0x00001848      0x18b ./system/src/diag/Trace.o
 .debug_macro   0x000019d3       0x4c ./system/src/diag/Trace.o
 .debug_macro   0x00001a1f       0x16 ./system/src/diag/Trace.o
 .debug_macro   0x00001a35      0x2c2 ./system/src/diag/trace_impl.o
 .debug_macro   0x00001cf7       0x10 ./system/src/diag/trace_impl.o
 .debug_macro   0x00001d07       0xcf ./system/src/diag/trace_impl.o
 .debug_macro   0x00001dd6       0xbe ./system/src/diag/trace_impl.o
 .debug_macro   0x00001e94       0x22 ./system/src/diag/trace_impl.o
 .debug_macro   0x00001eb6      0x16b ./system/src/cortexm/_initialize_hardware.o
 .debug_macro   0x00002021      0x302 ./system/src/cortexm/exception_handlers.o
 .debug_macro   0x00002323       0x3b ./system/src/cortexm/exception_handlers.o
 .debug_macro   0x0000235e       0x10 ./system/src/cortexm/exception_handlers.o
 .debug_macro   0x0000236e      0x16e ./system/src/cmsis/system_stm32f10x.o
 .debug_macro   0x000024dc       0x34 ./system/src/cmsis/vectors_stm32f10x.o
 .debug_macro   0x00002510       0x2c ./src/DGPIO.o
 .debug_macro   0x0000253c      0x5da ./src/DGPIO.o
 .debug_macro   0x00002b16       0x44 ./src/DNVIC.o
 .debug_macro   0x00002b5a      0x19c ./src/DNVIC.o
 .debug_macro   0x00002cf6      0x1a0 ./src/DRCC.o
 .debug_macro   0x00002e96      0x18a ./src/DRCC.o
 .debug_macro   0x00003020       0x41 ./src/DSYSTICK.o
 .debug_macro   0x00003061       0x28 ./src/DSYSTICK.o
 .debug_macro   0x00003089       0x10 ./src/DSYSTICK.o
 .debug_macro   0x00003099       0x4a ./src/EXT_INT.o
 .debug_macro   0x000030e3       0xa0 ./src/EXT_INT.o
 .debug_macro   0x00003183       0x3a ./src/EXT_INT.o
 .debug_macro   0x000031bd       0x2c ./src/EXT_INT_cfg.o
 .debug_macro   0x000031e9       0x41 ./src/Sched.o
 .debug_macro   0x0000322a       0x16 ./src/Sched.o
 .debug_macro   0x00003240       0x16 ./src/Sched.o
 .debug_macro   0x00003256       0x23 ./src/Sched_config.o
 .debug_macro   0x00003279       0x50 ./src/main.o
 .debug_macro   0x000032c9       0x16 ./src/main.o
