Archive member included to satisfy reference by file (symbol)

c:/users/toshiba/downloads/iti/turkey/arm tools iti/arm gcc/bin/../lib/gcc/arm-none-eabi/5.4.1/../../../../arm-none-eabi/lib/armv7-m\libg_nano.a(lib_a-errno.o)
                              ./system/src/newlib/_sbrk.o (__errno)
c:/users/toshiba/downloads/iti/turkey/arm tools iti/arm gcc/bin/../lib/gcc/arm-none-eabi/5.4.1/../../../../arm-none-eabi/lib/armv7-m\libg_nano.a(lib_a-impure.o)
                              c:/users/toshiba/downloads/iti/turkey/arm tools iti/arm gcc/bin/../lib/gcc/arm-none-eabi/5.4.1/../../../../arm-none-eabi/lib/armv7-m\libg_nano.a(lib_a-errno.o) (_impure_ptr)
c:/users/toshiba/downloads/iti/turkey/arm tools iti/arm gcc/bin/../lib/gcc/arm-none-eabi/5.4.1/../../../../arm-none-eabi/lib/armv7-m\libg_nano.a(lib_a-strlen.o)
                              ./system/src/diag/Trace.o (strlen)
c:/users/toshiba/downloads/iti/turkey/arm tools iti/arm gcc/bin/../lib/gcc/arm-none-eabi/5.4.1/../../../../arm-none-eabi/lib/armv7-m\libg_nano.a(lib_a-vsnprintf.o)
                              ./system/src/diag/Trace.o (vsnprintf)
c:/users/toshiba/downloads/iti/turkey/arm tools iti/arm gcc/bin/../lib/gcc/arm-none-eabi/5.4.1/../../../../arm-none-eabi/lib/armv7-m\libg_nano.a(lib_a-nano-svfprintf.o)
                              c:/users/toshiba/downloads/iti/turkey/arm tools iti/arm gcc/bin/../lib/gcc/arm-none-eabi/5.4.1/../../../../arm-none-eabi/lib/armv7-m\libg_nano.a(lib_a-vsnprintf.o) (_svfprintf_r)
c:/users/toshiba/downloads/iti/turkey/arm tools iti/arm gcc/bin/../lib/gcc/arm-none-eabi/5.4.1/../../../../arm-none-eabi/lib/armv7-m\libg_nano.a(lib_a-nano-vfprintf_i.o)
                              c:/users/toshiba/downloads/iti/turkey/arm tools iti/arm gcc/bin/../lib/gcc/arm-none-eabi/5.4.1/../../../../arm-none-eabi/lib/armv7-m\libg_nano.a(lib_a-nano-svfprintf.o) (_printf_i)
c:/users/toshiba/downloads/iti/turkey/arm tools iti/arm gcc/bin/../lib/gcc/arm-none-eabi/5.4.1/../../../../arm-none-eabi/lib/armv7-m\libg_nano.a(lib_a-memchr-stub.o)
                              c:/users/toshiba/downloads/iti/turkey/arm tools iti/arm gcc/bin/../lib/gcc/arm-none-eabi/5.4.1/../../../../arm-none-eabi/lib/armv7-m\libg_nano.a(lib_a-nano-svfprintf.o) (memchr)
c:/users/toshiba/downloads/iti/turkey/arm tools iti/arm gcc/bin/../lib/gcc/arm-none-eabi/5.4.1/../../../../arm-none-eabi/lib/armv7-m\libg_nano.a(lib_a-memcpy-stub.o)
                              c:/users/toshiba/downloads/iti/turkey/arm tools iti/arm gcc/bin/../lib/gcc/arm-none-eabi/5.4.1/../../../../arm-none-eabi/lib/armv7-m\libg_nano.a(lib_a-nano-svfprintf.o) (memcpy)
c:/users/toshiba/downloads/iti/turkey/arm tools iti/arm gcc/bin/../lib/gcc/arm-none-eabi/5.4.1/../../../../arm-none-eabi/lib/armv7-m\libg_nano.a(lib_a-memmove.o)
                              c:/users/toshiba/downloads/iti/turkey/arm tools iti/arm gcc/bin/../lib/gcc/arm-none-eabi/5.4.1/../../../../arm-none-eabi/lib/armv7-m\libg_nano.a(lib_a-nano-svfprintf.o) (memmove)
c:/users/toshiba/downloads/iti/turkey/arm tools iti/arm gcc/bin/../lib/gcc/arm-none-eabi/5.4.1/../../../../arm-none-eabi/lib/armv7-m\libg_nano.a(lib_a-nano-freer.o)
                              c:/users/toshiba/downloads/iti/turkey/arm tools iti/arm gcc/bin/../lib/gcc/arm-none-eabi/5.4.1/../../../../arm-none-eabi/lib/armv7-m\libg_nano.a(lib_a-nano-svfprintf.o) (_free_r)
c:/users/toshiba/downloads/iti/turkey/arm tools iti/arm gcc/bin/../lib/gcc/arm-none-eabi/5.4.1/../../../../arm-none-eabi/lib/armv7-m\libg_nano.a(lib_a-nano-mallocr.o)
                              c:/users/toshiba/downloads/iti/turkey/arm tools iti/arm gcc/bin/../lib/gcc/arm-none-eabi/5.4.1/../../../../arm-none-eabi/lib/armv7-m\libg_nano.a(lib_a-nano-svfprintf.o) (_malloc_r)
c:/users/toshiba/downloads/iti/turkey/arm tools iti/arm gcc/bin/../lib/gcc/arm-none-eabi/5.4.1/../../../../arm-none-eabi/lib/armv7-m\libg_nano.a(lib_a-nano-reallocr.o)
                              c:/users/toshiba/downloads/iti/turkey/arm tools iti/arm gcc/bin/../lib/gcc/arm-none-eabi/5.4.1/../../../../arm-none-eabi/lib/armv7-m\libg_nano.a(lib_a-nano-svfprintf.o) (_realloc_r)
c:/users/toshiba/downloads/iti/turkey/arm tools iti/arm gcc/bin/../lib/gcc/arm-none-eabi/5.4.1/../../../../arm-none-eabi/lib/armv7-m\libg_nano.a(lib_a-sbrkr.o)
                              c:/users/toshiba/downloads/iti/turkey/arm tools iti/arm gcc/bin/../lib/gcc/arm-none-eabi/5.4.1/../../../../arm-none-eabi/lib/armv7-m\libg_nano.a(lib_a-nano-mallocr.o) (_sbrk_r)
c:/users/toshiba/downloads/iti/turkey/arm tools iti/arm gcc/bin/../lib/gcc/arm-none-eabi/5.4.1/../../../../arm-none-eabi/lib/armv7-m\libg_nano.a(lib_a-mlock.o)
                              c:/users/toshiba/downloads/iti/turkey/arm tools iti/arm gcc/bin/../lib/gcc/arm-none-eabi/5.4.1/../../../../arm-none-eabi/lib/armv7-m\libg_nano.a(lib_a-nano-freer.o) (__malloc_lock)
[...]
Memory Configuration

Name             Origin             Length             Attributes
MarkerRAM        0x20000000         0x00000004         xrw
RAM              0x20000004         0x00004ffc         xrw
CCMRAM           0x00000000         0x00000000         xrw
FLASH            0x08000000         0x00002c00         xr
FLASHB1          0x00000000         0x00000000         xr
EXTMEMB0         0x00000000         0x00000000         xr
EXTMEMB1         0x00000000         0x00000000         xr
EXTMEMB2         0x00000000         0x00000000         xr
EXTMEMB3         0x00000000         0x00000000         xr
MEMORY_ARRAY     0x00000000         0x00000000         xrw
*default*        0x00000000         0xffffffff

Linker script and memory map

LOAD ./system/src/stm32f1-stdperiph/misc.o
LOAD ./system/src/stm32f1-stdperiph/stm32f10x_gpio.o
LOAD ./system/src/stm32f1-stdperiph/stm32f10x_rcc.o
LOAD ./system/src/newlib/_cxx.o
LOAD ./system/src/newlib/_exit.o
LOAD ./system/src/newlib/_sbrk.o
LOAD ./system/src/newlib/_startup.o
LOAD ./system/src/newlib/_syscalls.o
LOAD ./system/src/newlib/assert.o
LOAD ./system/src/diag/Trace.o
LOAD ./system/src/diag/trace_impl.o
LOAD ./system/src/cortexm/_initialize_hardware.o
LOAD ./system/src/cortexm/_reset_hardware.o
LOAD ./system/src/cortexm/exception_handlers.o
LOAD ./system/src/cmsis/system_stm32f10x.o
LOAD ./system/src/cmsis/vectors_stm32f10x.o
LOAD ./src/Transport/src/UART_TP.o
LOAD ./src/HAL/src/HUART.o
LOAD ./src/Driver/src/DGPIO.o
LOAD ./src/Driver/src/DMA.o
LOAD ./src/Driver/src/DMA_Cfg.o
LOAD ./src/Driver/src/DNVIC.o
LOAD ./src/Driver/src/DRCC.o
LOAD ./src/Driver/src/FLITF.o
LOAD ./src/Driver/src/UART.o
LOAD ./src/App/src/BootLoader.o
LOAD ./src/App/src/UDS.o
LOAD c:/users/toshiba/downloads/iti/turkey/arm tools iti/arm gcc/bin/../lib/gcc/arm-none-eabi/5.4.1/../../../../arm-none-eabi/lib/armv7-m\libstdc++_nano.a
LOAD c:/users/toshiba/downloads/iti/turkey/arm tools iti/arm gcc/bin/../lib/gcc/arm-none-eabi/5.4.1/../../../../arm-none-eabi/lib/armv7-m\libm.a
START GROUP
LOAD c:/users/toshiba/downloads/iti/turkey/arm tools iti/arm gcc/bin/../lib/gcc/arm-none-eabi/5.4.1/armv7-m\libgcc.a
LOAD c:/users/toshiba/downloads/iti/turkey/arm tools iti/arm gcc/bin/../lib/gcc/arm-none-eabi/5.4.1/../../../../arm-none-eabi/lib/armv7-m\libg_nano.a
LOAD c:/users/toshiba/downloads/iti/turkey/arm tools iti/arm gcc/bin/../lib/gcc/arm-none-eabi/5.4.1/../../../../arm-none-eabi/lib/armv7-m\libc_nano.a
END GROUP
START GROUP
LOAD c:/users/toshiba/downloads/iti/turkey/arm tools iti/arm gcc/bin/../lib/gcc/arm-none-eabi/5.4.1/armv7-m\libgcc.a
LOAD c:/users/toshiba/downloads/iti/turkey/arm tools iti/arm gcc/bin/../lib/gcc/arm-none-eabi/5.4.1/../../../../arm-none-eabi/lib/armv7-m\libc_nano.a
END GROUP
                0x20005000                __stack = (ORIGIN (RAM) + LENGTH (RAM))
                0x20005000                _estack = __stack
                0x00000400                __Main_Stack_Size = 0x400
                [!provide]                PROVIDE (_Main_Stack_Size, __Main_Stack_Size)
                0x20004c00                __Main_Stack_Limit = (__stack - __Main_Stack_Size)
                [!provide]                PROVIDE (_Main_Stack_Limit, __Main_Stack_Limit)
                0x00000100                _Minimum_Stack_Size = 0x100
                0x20000630                PROVIDE (_Heap_Begin, _end_noinit)
                0x20004c00                PROVIDE (_Heap_Limit, (__stack - __Main_Stack_Size))

.isr_vector     0x08000000      0x354
 FILL mask 0xff
                0x08000000                __vectors_start = ABSOLUTE (.)
                0x08000000                __vectors_start__ = ABSOLUTE (.)
 *(.isr_vector)
 .isr_vector    0x08000000      0x10c ./system/src/cmsis/vectors_stm32f10x.o
                0x08000000                __isr_vectors
 *(.cfmconfig)
 *(.after_vectors .after_vectors.*)
 .after_vectors
                0x0800010c      0x114 ./system/src/newlib/_startup.o
                0x0800010c                _start
 .after_vectors
                0x08000220      0x130 ./system/src/cortexm/exception_handlers.o
                0x08000220                Reset_Handler
                0x08000228                NMI_Handler
                0x0800022c                HardFault_Handler
                0x08000240                HardFault_Handler_C
                0x080002a0                MemManage_Handler
                0x080002a4                BusFault_Handler
                0x080002b8                BusFault_Handler_C
                0x080002ec                UsageFault_Handler
                0x08000300                UsageFault_Handler_C
                0x08000334                SVC_Handler
                0x08000338                DebugMon_Handler
                0x0800033c                PendSV_Handler
                0x08000340                SysTick_Handler
 .after_vectors
                0x08000350        0x4 ./system/src/cmsis/vectors_stm32f10x.o
                0x08000350                EXTI2_IRQHandler
                0x08000350                TIM8_TRG_COM_IRQHandler
                0x08000350                TIM8_CC_IRQHandler
                0x08000350                TIM1_CC_IRQHandler
                0x08000350                TIM6_IRQHandler
                0x08000350                PVD_IRQHandler
                0x08000350                SDIO_IRQHandler
                0x08000350                CAN2_RX1_IRQHandler
                0x08000350                EXTI3_IRQHandler
                0x08000350                TIM8_TRG_COM_TIM14_IRQHandler
                0x08000350                TIM1_UP_TIM10_IRQHandler
                0x08000350                TIM8_UP_TIM13_IRQHandler
                0x08000350                EXTI0_IRQHandler
                0x08000350                I2C2_EV_IRQHandler
                0x08000350                CAN1_RX0_IRQHandler
                0x08000350                TIM1_UP_TIM16_IRQHandler
                0x08000350                CAN2_SCE_IRQHandler
                0x08000350                ADC1_2_IRQHandler
                0x08000350                SPI1_IRQHandler
                0x08000350                TAMPER_IRQHandler
                0x08000350                TIM6_DAC_IRQHandler
                0x08000350                TIM1_BRK_TIM9_IRQHandler
                0x08000350                CAN2_RX0_IRQHandler
                0x08000350                TIM8_UP_IRQHandler
                0x08000350                DMA2_Channel2_IRQHandler
                0x08000350                USART3_IRQHandler
                0x08000350                RTC_IRQHandler
                0x08000350                CAN1_RX1_IRQHandler
                0x08000350                UART5_IRQHandler
                0x08000350                ADC3_IRQHandler
                0x08000350                TIM4_IRQHandler
                0x08000350                DMA2_Channel1_IRQHandler
                0x08000350                I2C1_EV_IRQHandler
                0x08000350                UART4_IRQHandler
                0x08000350                DMA2_Channel4_IRQHandler
                0x08000350                TIM3_IRQHandler
                0x08000350                RCC_IRQHandler
                0x08000350                TIM8_BRK_TIM12_IRQHandler
                0x08000350                TIM1_TRG_COM_IRQHandler
                0x08000350                Default_Handler
                0x08000350                CEC_IRQHandler
                0x08000350                EXTI15_10_IRQHandler
                0x08000350                TIM14_IRQHandler
                0x08000350                TIM13_IRQHandler
                0x08000350                TIM12_IRQHandler
                0x08000350                TIM7_IRQHandler
                0x08000350                CAN2_TX_IRQHandler
                0x08000350                TIM5_IRQHandler
                0x08000350                EXTI9_5_IRQHandler
                0x08000350                ETH_WKUP_IRQHandler
                0x08000350                SPI2_IRQHandler
                0x08000350                CAN1_TX_IRQHandler
                0x08000350                DMA2_Channel5_IRQHandler
                0x08000350                EXTI4_IRQHandler
                0x08000350                USB_LP_CAN1_RX0_IRQHandler
                0x08000350                TIM1_TRG_COM_TIM17_IRQHandler
                0x08000350                USB_HP_CAN1_TX_IRQHandler
                0x08000350                FSMC_IRQHandler
                0x08000350                ETH_IRQHandler
                0x08000350                TIM1_UP_IRQHandler
                0x08000350                WWDG_IRQHandler
                0x08000350                TIM2_IRQHandler
                0x08000350                OTG_FS_WKUP_IRQHandler
                0x08000350                TIM1_TRG_COM_TIM11_IRQHandler
                0x08000350                TIM1_BRK_IRQHandler
                0x08000350                EXTI1_IRQHandler
                0x08000350                RTCAlarm_IRQHandler
                0x08000350                DMA2_Channel4_5_IRQHandler
                0x08000350                USART2_IRQHandler
                0x08000350                I2C2_ER_IRQHandler
                0x08000350                TIM8_BRK_IRQHandler
                0x08000350                CAN1_SCE_IRQHandler
                0x08000350                FLASH_IRQHandler
                0x08000350                OTG_FS_IRQHandler
                0x08000350                SPI3_IRQHandler
                0x08000350                I2C1_ER_IRQHandler
                0x08000350                USBWakeUp_IRQHandler
                0x08000350                DMA2_Channel3_IRQHandler
                0x08000350                TIM1_BRK_TIM15_IRQHandler

.inits          0x08000354       0x28
                0x08000354                __data_regions_array_start = .
                0x08000354        0x4 LONG 0x80027a0 LOADADDR (.data)
                0x08000358        0x4 LONG 0x20000004 ADDR (.data)
                0x0800035c        0x4 LONG 0x20000098 (ADDR (.data) + SIZEOF (.data))
                0x08000360        0x4 LONG 0x80027a0 LOADADDR (.data_CCMRAM)
                0x08000364        0x4 LONG 0x0 ADDR (.data_CCMRAM)
                0x08000368        0x4 LONG 0x0 (ADDR (.data_CCMRAM) + SIZEOF (.data_CCMRAM))
                0x0800036c                __data_regions_array_end = .
                0x0800036c                __bss_regions_array_start = .
                0x0800036c        0x4 LONG 0x20000098 ADDR (.bss)
                0x08000370        0x4 LONG 0x20000630 (ADDR (.bss) + SIZEOF (.bss))
                0x08000374        0x4 LONG 0x0 ADDR (.bss_CCMRAM)
                0x08000378        0x4 LONG 0x0 (ADDR (.bss_CCMRAM) + SIZEOF (.bss_CCMRAM))
                0x0800037c                __bss_regions_array_end = .
 *(.init)
 *(.fini)
                0x0800037c                . = ALIGN (0x4)
                0x0800037c                PROVIDE (__preinit_array_start, .)
 *(.preinit_array_sysinit .preinit_array_sysinit.*)
 *(.preinit_array_platform .preinit_array_platform.*)
 *(.preinit_array .preinit_array.*)
                0x0800037c                PROVIDE (__preinit_array_end, .)
                0x0800037c                . = ALIGN (0x4)
                0x0800037c                PROVIDE (__init_array_start, .)
 *(SORT(.init_array.*))
 *(.init_array)
                0x0800037c                PROVIDE (__init_array_end, .)
                0x0800037c                . = ALIGN (0x4)
                0x0800037c                PROVIDE (__fini_array_start, .)
 *(SORT(.fini_array.*))
 *(.fini_array)
                0x0800037c                PROVIDE (__fini_array_end, .)

.flashtext
 *(.flashtext .flashtext.*)

.text           0x0800037c     0x2423
 *(.text .text.*)
 .text._exit    0x0800037c        0x4 ./system/src/newlib/_exit.o
                0x0800037c                _exit
 .text._sbrk    0x08000380       0x44 ./system/src/newlib/_sbrk.o
                0x08000380                _sbrk
 .text.__initialize_args
                0x080003c4       0x10 ./system/src/newlib/_syscalls.o
                0x080003c4                __initialize_args
 .text.trace_printf
                0x080003d4       0x30 ./system/src/diag/Trace.o
                0x080003d4                trace_printf
 .text._trace_write_semihosting_debug
                0x08000404       0x64 ./system/src/diag/trace_impl.o
 .text.trace_write
                0x08000468        0x8 ./system/src/diag/trace_impl.o
                0x08000468                trace_write
 .text.__initialize_hardware_early
                0x08000470       0x18 ./system/src/cortexm/_initialize_hardware.o
                0x08000470                __initialize_hardware_early
 .text.__initialize_hardware
                0x08000488        0x8 ./system/src/cortexm/_initialize_hardware.o
                0x08000488                __initialize_hardware
 .text.dumpExceptionStack
                0x08000490       0xf0 ./system/src/cortexm/exception_handlers.o
                0x08000490                dumpExceptionStack
 .text.isSemihosting
                0x08000580       0x20 ./system/src/cortexm/exception_handlers.o
                0x08000580                isSemihosting
 .text.SetSysClockTo72
                0x080005a0       0xc4 ./system/src/cmsis/system_stm32f10x.o
 .text.SetSysClock
                0x08000664        0x8 ./system/src/cmsis/system_stm32f10x.o
 .text.SystemInit
                0x0800066c       0x50 ./system/src/cmsis/system_stm32f10x.o
                0x0800066c                SystemInit
 .text.SystemCoreClockUpdate
                0x080006bc       0x94 ./system/src/cmsis/system_stm32f10x.o
                0x080006bc                SystemCoreClockUpdate
 .text.UART_TP_TxHandler
                0x08000750       0xd8 ./src/Transport/src/UART_TP.o
 .text.UART_TP_RxHandler
                0x08000828      0x114 ./src/Transport/src/UART_TP.o
 .text.UART_TP_Send
                0x0800093c       0xd4 ./src/Transport/src/UART_TP.o
                0x0800093c                UART_TP_Send
 .text.UART_TP_Receive
                0x08000a10       0x84 ./src/Transport/src/UART_TP.o
                0x08000a10                UART_TP_Receive
 .text.UART_TP_SetTxCbf
                0x08000a94       0x14 ./src/Transport/src/UART_TP.o
                0x08000a94                UART_TP_SetTxCbf
 .text.UART_TP_SetRxCbf
                0x08000aa8       0x14 ./src/Transport/src/UART_TP.o
                0x08000aa8                UART_TP_SetRxCbf
 .text.HUART_Init
                0x08000abc       0x9c ./src/HAL/src/HUART.o
                0x08000abc                HUART_Init
 .text.HUART_Send
                0x08000b58       0x2c ./src/HAL/src/HUART.o
                0x08000b58                HUART_Send
 .text.HUART_Receive
                0x08000b84       0x2c ./src/HAL/src/HUART.o
                0x08000b84                HUART_Receive
 .text.HUART_SetTxCbf
                0x08000bb0       0x10 ./src/HAL/src/HUART.o
                0x08000bb0                HUART_SetTxCbf
 .text.HUART_SetRxCbf
                0x08000bc0       0x10 ./src/HAL/src/HUART.o
                0x08000bc0                HUART_SetRxCbf
 .text.GPIO_Config
                0x08000bd0      0x174 ./src/Driver/src/DGPIO.o
                0x08000bd0                GPIO_Config
 .text.D_DMA_Init
                0x08000d44       0x9c ./src/Driver/src/DMA.o
                0x08000d44                D_DMA_Init
 .text.D_DMA_Start
                0x08000de0       0x3c ./src/Driver/src/DMA.o
                0x08000de0                D_DMA_Start
 .text.D_DMA_SetNotifyCbf
                0x08000e1c       0x30 ./src/Driver/src/DMA.o
                0x08000e1c                D_DMA_SetNotifyCbf
 .text.DMA1_Channel1_IRQHandler
                0x08000e4c       0x30 ./src/Driver/src/DMA.o
                0x08000e4c                DMA1_Channel1_IRQHandler
 .text.DMA1_Channel2_IRQHandler
                0x08000e7c       0x30 ./src/Driver/src/DMA.o
                0x08000e7c                DMA1_Channel2_IRQHandler
 .text.DMA1_Channel3_IRQHandler
                0x08000eac       0x30 ./src/Driver/src/DMA.o
                0x08000eac                DMA1_Channel3_IRQHandler
 .text.DMA1_Channel4_IRQHandler
                0x08000edc       0x30 ./src/Driver/src/DMA.o
                0x08000edc                DMA1_Channel4_IRQHandler
 .text.DMA1_Channel5_IRQHandler
                0x08000f0c       0x30 ./src/Driver/src/DMA.o
                0x08000f0c                DMA1_Channel5_IRQHandler
 .text.DMA1_Channel6_IRQHandler
                0x08000f3c       0x30 ./src/Driver/src/DMA.o
                0x08000f3c                DMA1_Channel6_IRQHandler
 .text.DMA1_Channel7_IRQHandler
                0x08000f6c       0x34 ./src/Driver/src/DMA.o
                0x08000f6c                DMA1_Channel7_IRQHandler
 .text.DNVIC_EnableIRQ
                0x08000fa0       0x24 ./src/Driver/src/DNVIC.o
                0x08000fa0                DNVIC_EnableIRQ
 .text.DNVIC_ClearPendingIRQ
                0x08000fc4       0x28 ./src/Driver/src/DNVIC.o
                0x08000fc4                DNVIC_ClearPendingIRQ
 .text.DNVIC_voidChangeVectorOffset
                0x08000fec       0x10 ./src/Driver/src/DNVIC.o
                0x08000fec                DNVIC_voidChangeVectorOffset
 .text.DNVIC_voidSysReset
                0x08000ffc       0x10 ./src/Driver/src/DNVIC.o
                0x08000ffc                DNVIC_voidSysReset
 .text.DRCC_GetSystemClk
                0x0800100c       0x70 ./src/Driver/src/DRCC.o
 .text.DRCC_SetPriephralStatus
                0x0800107c       0x8c ./src/Driver/src/DRCC.o
                0x0800107c                DRCC_SetPriephralStatus
 .text.DRCC_GetBusClock
                0x08001108      0x140 ./src/Driver/src/DRCC.o
                0x08001108                DRCC_GetBusClock
 .text.Flash_Lock
                0x08001248       0x10 ./src/Driver/src/FLITF.o
                0x08001248                Flash_Lock
 .text.Flash_Unlock
                0x08001258       0x18 ./src/Driver/src/FLITF.o
                0x08001258                Flash_Unlock
 .text.Flash_ErasePage
                0x08001270       0x38 ./src/Driver/src/FLITF.o
                0x08001270                Flash_ErasePage
 .text.Flash_ProgramWrite
                0x080012a8       0x5c ./src/Driver/src/FLITF.o
                0x080012a8                Flash_ProgramWrite
 .text.UART_Init
                0x08001304       0x3c ./src/Driver/src/UART.o
                0x08001304                UART_Init
 .text.UART_SetTxCbf
                0x08001340        0xc ./src/Driver/src/UART.o
                0x08001340                UART_SetTxCbf
 .text.UART_SetRxCbf
                0x0800134c        0xc ./src/Driver/src/UART.o
                0x0800134c                UART_SetRxCbf
 .text.USART1_IRQHandler
                0x08001358       0xe0 ./src/Driver/src/UART.o
                0x08001358                USART1_IRQHandler
 .text.DMA_ChannelFour_Finish
                0x08001438       0x28 ./src/Driver/src/UART.o
                0x08001438                DMA_ChannelFour_Finish
 .text.DMA_ChannelFive_Finish
                0x08001460       0x10 ./src/Driver/src/UART.o
                0x08001460                DMA_ChannelFive_Finish
 .text.WaitState
                0x08001470       0x18 ./src/App/src/BootLoader.o
 .text.SessionInitialize
                0x08001488        0xc ./src/App/src/BootLoader.o
 .text.ErrorHandler
                0x08001494       0x28 ./src/App/src/BootLoader.o
 .text.StartDefaultSession
                0x080014bc        0xc ./src/App/src/BootLoader.o
 .text.StartProgrammingSession
                0x080014c8        0xc ./src/App/src/BootLoader.o
 .text.RoutineState
                0x080014d4        0xc ./src/App/src/BootLoader.o
 .text.ValidateDataBlock
                0x080014e0       0x34 ./src/App/src/BootLoader.o
 .text.RequestDownloadState
                0x08001514        0xc ./src/App/src/BootLoader.o
 .text.TransferDataState
                0x08001520        0xc ./src/App/src/BootLoader.o
 .text.TransferDataDone
                0x0800152c        0xc ./src/App/src/BootLoader.o
 .text.TransferExitDone
                0x08001538       0x24 ./src/App/src/BootLoader.o
 .text.Erase_Application
                0x0800155c       0x20 ./src/App/src/BootLoader.o
 .text.Clear_ROM_Marker
                0x0800157c       0x50 ./src/App/src/BootLoader.o
 .text.Bootloader_State_Machine
                0x080015cc       0xd8 ./src/App/src/BootLoader.o
 .text.ValidateRoutineDone
                0x080016a4       0x40 ./src/App/src/BootLoader.o
 .text.GetKey   0x080016e4       0x18 ./src/App/src/BootLoader.o
 .text.SetError
                0x080016fc       0x1c ./src/App/src/BootLoader.o
 .text.ECU_Reset_CBF
                0x08001718       0x38 ./src/App/src/BootLoader.o
 .text.Write_Data_By_ID_CBF
                0x08001750       0x78 ./src/App/src/BootLoader.o
 .text.Request_Transfer_Exit_CBF
                0x080017c8       0x28 ./src/App/src/BootLoader.o
 .text.Transfer_Data_CBF
                0x080017f0       0x90 ./src/App/src/BootLoader.o
 .text.Request_Download_CBF
                0x08001880       0x54 ./src/App/src/BootLoader.o
 .text.Routine_Control_CBF
                0x080018d4       0xf0 ./src/App/src/BootLoader.o
 .text.Security_Access_CBF
                0x080019c4       0x44 ./src/App/src/BootLoader.o
 .text.KeyValidate
                0x08001a08       0x64 ./src/App/src/BootLoader.o
 .text.Session_Control_CBF
                0x08001a6c       0x7c ./src/App/src/BootLoader.o
 .text.Read_Data_By_ID_Request_CBF
                0x08001ae8       0x50 ./src/App/src/BootLoader.o
 .text.main     0x08001b38       0x98 ./src/App/src/BootLoader.o
                0x08001b38                main
 .text.UDS_GetRequest
                0x08001bd0       0x7c ./src/App/src/UDS.o
                0x08001bd0                UDS_GetRequest
 .text.UDS_SendPositiveResponse
                0x08001c4c       0x8c ./src/App/src/UDS.o
                0x08001c4c                UDS_SendPositiveResponse
 .text.UDS_SendNegativeResponse
                0x08001cd8       0x28 ./src/App/src/UDS.o
                0x08001cd8                UDS_SendNegativeResponse
 .text.__errno  0x08001d00        0xc c:/users/toshiba/downloads/iti/turkey/arm tools iti/arm gcc/bin/../lib/gcc/arm-none-eabi/5.4.1/../../../../arm-none-eabi/lib/armv7-m\libg_nano.a(lib_a-errno.o)
                0x08001d00                __errno
 .text._vsnprintf_r
                0x08001d0c       0x56 c:/users/toshiba/downloads/iti/turkey/arm tools iti/arm gcc/bin/../lib/gcc/arm-none-eabi/5.4.1/../../../../arm-none-eabi/lib/armv7-m\libg_nano.a(lib_a-vsnprintf.o)
                0x08001d0c                _vsniprintf_r
                0x08001d0c                _vsnprintf_r
 *fill*         0x08001d62        0x2 
 .text.vsnprintf
                0x08001d64       0x1c c:/users/toshiba/downloads/iti/turkey/arm tools iti/arm gcc/bin/../lib/gcc/arm-none-eabi/5.4.1/../../../../arm-none-eabi/lib/armv7-m\libg_nano.a(lib_a-vsnprintf.o)
                0x08001d64                vsniprintf
                0x08001d64                vsnprintf
 .text.__ssputs_r
                0x08001d80       0xb2 c:/users/toshiba/downloads/iti/turkey/arm tools iti/arm gcc/bin/../lib/gcc/arm-none-eabi/5.4.1/../../../../arm-none-eabi/lib/armv7-m\libg_nano.a(lib_a-nano-svfprintf.o)
                0x08001d80                __ssputs_r
 *fill*         0x08001e32        0x2 
 .text._svfprintf_r
                0x08001e34      0x1e8 c:/users/toshiba/downloads/iti/turkey/arm tools iti/arm gcc/bin/../lib/gcc/arm-none-eabi/5.4.1/../../../../arm-none-eabi/lib/armv7-m\libg_nano.a(lib_a-nano-svfprintf.o)
                0x08001e34                _svfiprintf_r
                0x08001e34                _svfprintf_r
 .text._printf_common
                0x0800201c       0xec c:/users/toshiba/downloads/iti/turkey/arm tools iti/arm gcc/bin/../lib/gcc/arm-none-eabi/5.4.1/../../../../arm-none-eabi/lib/armv7-m\libg_nano.a(lib_a-nano-vfprintf_i.o)
                0x0800201c                _printf_common
 .text._printf_i
                0x08002108      0x24c c:/users/toshiba/downloads/iti/turkey/arm tools iti/arm gcc/bin/../lib/gcc/arm-none-eabi/5.4.1/../../../../arm-none-eabi/lib/armv7-m\libg_nano.a(lib_a-nano-vfprintf_i.o)
                0x08002108                _printf_i
 .text.memchr   0x08002354       0x1c c:/users/toshiba/downloads/iti/turkey/arm tools iti/arm gcc/bin/../lib/gcc/arm-none-eabi/5.4.1/../../../../arm-none-eabi/lib/armv7-m\libg_nano.a(lib_a-memchr-stub.o)
                0x08002354                memchr
 .text.memcpy   0x08002370       0x16 c:/users/toshiba/downloads/iti/turkey/arm tools iti/arm gcc/bin/../lib/gcc/arm-none-eabi/5.4.1/../../../../arm-none-eabi/lib/armv7-m\libg_nano.a(lib_a-memcpy-stub.o)
                0x08002370                memcpy
 .text.memmove  0x08002386       0x36 c:/users/toshiba/downloads/iti/turkey/arm tools iti/arm gcc/bin/../lib/gcc/arm-none-eabi/5.4.1/../../../../arm-none-eabi/lib/armv7-m\libg_nano.a(lib_a-memmove.o)
                0x08002386                memmove
 .text._free_r  0x080023bc       0x98 c:/users/toshiba/downloads/iti/turkey/arm tools iti/arm gcc/bin/../lib/gcc/arm-none-eabi/5.4.1/../../../../arm-none-eabi/lib/armv7-m\libg_nano.a(lib_a-nano-freer.o)
                0x080023bc                _free_r
 .text._malloc_r
                0x08002454       0xbc c:/users/toshiba/downloads/iti/turkey/arm tools iti/arm gcc/bin/../lib/gcc/arm-none-eabi/5.4.1/../../../../arm-none-eabi/lib/armv7-m\libg_nano.a(lib_a-nano-mallocr.o)
                0x08002454                _malloc_r
 .text._realloc_r
                0x08002510       0x4c c:/users/toshiba/downloads/iti/turkey/arm tools iti/arm gcc/bin/../lib/gcc/arm-none-eabi/5.4.1/../../../../arm-none-eabi/lib/armv7-m\libg_nano.a(lib_a-nano-reallocr.o)
                0x08002510                _realloc_r
 .text._sbrk_r  0x0800255c       0x20 c:/users/toshiba/downloads/iti/turkey/arm tools iti/arm gcc/bin/../lib/gcc/arm-none-eabi/5.4.1/../../../../arm-none-eabi/lib/armv7-m\libg_nano.a(lib_a-sbrkr.o)
                0x0800255c                _sbrk_r
 .text.__malloc_lock
                0x0800257c        0x2 c:/users/toshiba/downloads/iti/turkey/arm tools iti/arm gcc/bin/../lib/gcc/arm-none-eabi/5.4.1/../../../../arm-none-eabi/lib/armv7-m\libg_nano.a(lib_a-mlock.o)
                0x0800257c                __malloc_lock
 .text.__malloc_unlock
                0x0800257e        0x2 c:/users/toshiba/downloads/iti/turkey/arm tools iti/arm gcc/bin/../lib/gcc/arm-none-eabi/5.4.1/../../../../arm-none-eabi/lib/armv7-m\libg_nano.a(lib_a-mlock.o)
                0x0800257e                __malloc_unlock
 .text._malloc_usable_size_r
                0x08002580       0x14 c:/users/toshiba/downloads/iti/turkey/arm tools iti/arm gcc/bin/../lib/gcc/arm-none-eabi/5.4.1/../../../../arm-none-eabi/lib/armv7-m\libg_nano.a(lib_a-nano-msizer.o)
                0x08002580                _malloc_usable_size_r
 *(.rodata .rodata.* .constdata .constdata.*)
 .rodata.str1.4
                0x08002594      0x148 ./system/src/cortexm/exception_handlers.o
                                0x146 (size before relaxing)
 .rodata.DMA_Configure
                0x080026dc       0x90 ./src/Driver/src/DMA_Cfg.o
                0x080026dc                DMA_Configure
 .rodata.str1.1
                0x0800276c       0x11 c:/users/toshiba/downloads/iti/turkey/arm tools iti/arm gcc/bin/../lib/gcc/arm-none-eabi/5.4.1/../../../../arm-none-eabi/lib/armv7-m\libg_nano.a(lib_a-nano-svfprintf.o)
 .rodata.str1.1
                0x0800277d       0x22 c:/users/toshiba/downloads/iti/turkey/arm tools iti/arm gcc/bin/../lib/gcc/arm-none-eabi/5.4.1/../../../../arm-none-eabi/lib/armv7-m\libg_nano.a(lib_a-nano-vfprintf_i.o)
 *(vtable)
 *(.eh_frame*)
 *(.glue_7)
 .glue_7        0x0800279f        0x0 linker stubs
 *(.glue_7t)
 .glue_7t       0x0800279f        0x0 linker stubs

.vfp11_veneer   0x080027a0        0x0
 .vfp11_veneer  0x080027a0        0x0 linker stubs

.v4_bx          0x080027a0        0x0
 .v4_bx         0x080027a0        0x0 linker stubs

.iplt           0x080027a0        0x0
 .iplt          0x080027a0        0x0 ./system/src/stm32f1-stdperiph/misc.o

.rel.dyn        0x080027a0        0x0
 .rel.iplt      0x080027a0        0x0 ./system/src/stm32f1-stdperiph/misc.o

.ARM.extab
 *(.ARM.extab* .gnu.linkonce.armextab.*)
                0x080027a0                . = ALIGN (0x4)
                0x080027a0                __exidx_start = .

.ARM.exidx
 *(.ARM.exidx* .gnu.linkonce.armexidx.*)
                0x080027a0                __exidx_end = .
                0x080027a0                . = ALIGN (0x4)
                0x080027a0                _etext = .
                0x080027a0                __etext = .

.data_CCMRAM    0x00000000        0x0 load address 0x080027a0
 FILL mask 0xff
 *(.data.CCMRAM .data.CCMRAM.*)
                0x00000000                . = ALIGN (0x4)
                0x080027a0                _sidata = LOADADDR (.data)

.data           0x20000004       0x94 load address 0x080027a0
 FILL mask 0xff
                0x20000004                _sdata = .
                0x20000004                __data_start__ = .
 *(.data_begin .data_begin.*)
 .data_begin    0x20000004        0x4 ./system/src/newlib/_startup.o
 *(.data .data.*)
 .data.argv.4290
                0x20000008        0x8 ./system/src/newlib/_syscalls.o
 .data.AHBPrescTable
                0x20000010       0x10 ./system/src/cmsis/system_stm32f10x.o
                0x20000010                AHBPrescTable
 .data.SystemCoreClock
                0x20000020        0x4 ./system/src/cmsis/system_stm32f10x.o
                0x20000020                SystemCoreClock
 .data.TX_index.3777
                0x20000024        0x2 ./src/Transport/src/UART_TP.o
 *fill*         0x20000026        0x2 ff
 .data.NV       0x20000028        0x4 ./src/Driver/src/DNVIC.o
                0x20000028                NV
 .data.BootLoaderPreviousState
                0x2000002c        0x1 ./src/App/src/BootLoader.o
 .data.SecurityAccess
                0x2000002d        0x1 ./src/App/src/BootLoader.o
 .data.CurrentSession
                0x2000002e        0x1 ./src/App/src/BootLoader.o
 .data.BootLoaderState
                0x2000002f        0x1 ./src/App/src/BootLoader.o
 .data.impure_data
                0x20000030       0x60 c:/users/toshiba/downloads/iti/turkey/arm tools iti/arm gcc/bin/../lib/gcc/arm-none-eabi/5.4.1/../../../../arm-none-eabi/lib/armv7-m\libg_nano.a(lib_a-impure.o)
 .data._impure_ptr
                0x20000090        0x4 c:/users/toshiba/downloads/iti/turkey/arm tools iti/arm gcc/bin/../lib/gcc/arm-none-eabi/5.4.1/../../../../arm-none-eabi/lib/armv7-m\libg_nano.a(lib_a-impure.o)
                0x20000090                _impure_ptr
 *(.data_end .data_end.*)
 .data_end      0x20000094        0x4 ./system/src/newlib/_startup.o
                0x20000098                . = ALIGN (0x4)
                0x20000098                _edata = .
                0x20000098                __data_end__ = .

.igot.plt       0x20000098        0x0 load address 0x08002834
 .igot.plt      0x20000098        0x0 ./system/src/stm32f1-stdperiph/misc.o

.bss_CCMRAM     0x00000000        0x0
 *(.bss.CCMRAM .bss.CCMRAM.*)

.bss            0x20000098      0x598
                0x20000098                __bss_start__ = .
                0x20000098                _sbss = .
 *(.bss_begin .bss_begin.*)
 .bss_begin     0x20000098        0x4 ./system/src/newlib/_startup.o
 *(.bss .bss.*)
 .bss.current_heap_end.3974
                0x2000009c        0x4 ./system/src/newlib/_sbrk.o
 .bss.name.4289
                0x200000a0        0x1 ./system/src/newlib/_syscalls.o
 *fill*         0x200000a1        0x3 
 .bss.buf.5179  0x200000a4       0x80 ./system/src/diag/Trace.o
 .bss.SeqNum.3778
                0x20000124        0x1 ./src/Transport/src/UART_TP.o
 *fill*         0x20000125        0x3 
 .bss.RxNotify  0x20000128        0x4 ./src/Transport/src/UART_TP.o
 .bss.Tx_counter
                0x2000012c        0x1 ./src/Transport/src/UART_TP.o
 *fill*         0x2000012d        0x3 
 .bss.Rx_Buffer
                0x20000130        0x8 ./src/Transport/src/UART_TP.o
 .bss.Rx_index.3792
                0x20000138        0x2 ./src/Transport/src/UART_TP.o
 *fill*         0x2000013a        0x2 
 .bss.TxNotify  0x2000013c        0x4 ./src/Transport/src/UART_TP.o
 .bss.Tx_ptr    0x20000140        0x4 ./src/Transport/src/UART_TP.o
 .bss.Tx_size   0x20000144        0x2 ./src/Transport/src/UART_TP.o
 .bss.Rx_counter
                0x20000146        0x1 ./src/Transport/src/UART_TP.o
 *fill*         0x20000147        0x1 
 .bss.Tx_Buffer
                0x20000148        0x8 ./src/Transport/src/UART_TP.o
 .bss.Rx_size   0x20000150        0x2 ./src/Transport/src/UART_TP.o
 *fill*         0x20000152        0x2 
 .bss.Rx_ptr    0x20000154        0x4 ./src/Transport/src/UART_TP.o
 .bss.UART_mode
                0x20000158        0x1 ./src/HAL/src/HUART.o
                0x20000158                UART_mode
 *fill*         0x20000159        0x3 
 .bss.RxNotify  0x2000015c        0x4 ./src/Driver/src/UART.o
 .bss.LBDNotify
                0x20000160        0x4 ./src/Driver/src/UART.o
 .bss.TxNotify  0x20000164        0x4 ./src/Driver/src/UART.o
 .bss.RxBuffer  0x20000168       0x10 ./src/Driver/src/UART.o
 .bss.TxBuffer  0x20000178       0x10 ./src/Driver/src/UART.o
 .bss.BlockAddress
                0x20000188        0x4 ./src/App/src/BootLoader.o
 .bss.DataSize  0x2000018c        0x2 ./src/App/src/BootLoader.o
 *fill*         0x2000018e        0x2 
 .bss.ResponseBuffer
                0x20000190        0x8 ./src/App/src/BootLoader.o
 .bss.ErrorCounter
                0x20000198        0x1 ./src/App/src/BootLoader.o
 *fill*         0x20000199        0x3 
 .bss.AppSize   0x2000019c        0x4 ./src/App/src/BootLoader.o
 .bss.PreviousBlockNumber
                0x200001a0        0x1 ./src/App/src/BootLoader.o
 *fill*         0x200001a1        0x3 
 .bss.ReqBuffer
                0x200001a4      0x408 ./src/App/src/BootLoader.o
 .bss.NegativeFrame.3859
                0x200005ac        0x3 ./src/App/src/UDS.o
 *fill*         0x200005af        0x1 
 .bss.__malloc_sbrk_start
                0x200005b0        0x4 c:/users/toshiba/downloads/iti/turkey/arm tools iti/arm gcc/bin/../lib/gcc/arm-none-eabi/5.4.1/../../../../arm-none-eabi/lib/armv7-m\libg_nano.a(lib_a-nano-mallocr.o)
                0x200005b0                __malloc_sbrk_start
 .bss.__malloc_free_list
                0x200005b4        0x4 c:/users/toshiba/downloads/iti/turkey/arm tools iti/arm gcc/bin/../lib/gcc/arm-none-eabi/5.4.1/../../../../arm-none-eabi/lib/armv7-m\libg_nano.a(lib_a-nano-mallocr.o)
                0x200005b4                __malloc_free_list
 *(COMMON)
 COMMON         0x200005b8        0x4 ./system/src/newlib/_syscalls.o
                0x200005b8                errno
 COMMON         0x200005bc       0x1c ./src/HAL/src/HUART.o
                0x200005bc                Clk
                0x200005c0                Notification_Send
                0x200005cc                Notification_Receive
 COMMON         0x200005d8       0x54 ./src/Driver/src/DMA.o
                0x200005d8                NotificationArray
 *(.bss_end .bss_end.*)
 .bss_end       0x2000062c        0x4 ./system/src/newlib/_startup.o
                0x20000630                . = ALIGN (0x4)
                0x20000630                __bss_end__ = .
                0x20000630                _ebss = .

.noinit_CCMRAM
 *(.noinit.CCMRAM .noinit.CCMRAM.*)

.noinit         0x20000630        0x0
                0x20000630                _noinit = .
 *(.noinit .noinit.*)
                0x20000630                . = ALIGN (0x4)
                0x20000630                _end_noinit = .
                [!provide]                PROVIDE (end, _end_noinit)
                [!provide]                PROVIDE (_end, _end_noinit)
                [!provide]                PROVIDE (__end, _end_noinit)
                [!provide]                PROVIDE (__end__, _end_noinit)

._check_stack   0x20000630      0x100
                0x20000730                . = (. + _Minimum_Stack_Size)
 *fill*         0x20000630      0x100 

.b1text
 *(.b1text)
 *(.b1rodata)
 *(.b1rodata.*)

.eb0text
 *(.eb0text)
 *(.eb0rodata)
 *(.eb0rodata.*)

.eb1text
 *(.eb1text)
 *(.eb1rodata)
 *(.eb1rodata.*)

.eb2text
 *(.eb2text)
 *(.eb2rodata)
 *(.eb2rodata.*)

.eb3text
 *(.eb3text)
 *(.eb3rodata)
 *(.eb3rodata.*)

.stab
 *(.stab)

.stabstr
 *(.stabstr)

.stab.excl
 *(.stab.excl)

.stab.exclstr
 *(.stab.exclstr)

.stab.index
 *(.stab.index)

.stab.indexstr
 *(.stab.indexstr)

.comment        0x00000000       0x6e
 *(.comment)
 .comment       0x00000000       0x6e ./system/src/newlib/_exit.o
                                 0x6f (size before relaxing)
 .comment       0x0000006e       0x6f ./system/src/newlib/_sbrk.o
 .comment       0x0000006e       0x6f ./system/src/newlib/_startup.o
 .comment       0x0000006e       0x6f ./system/src/newlib/_syscalls.o
 .comment       0x0000006e       0x6f ./system/src/diag/Trace.o
 .comment       0x0000006e       0x6f ./system/src/diag/trace_impl.o
 .comment       0x0000006e       0x6f ./system/src/cortexm/_initialize_hardware.o
 .comment       0x0000006e       0x6f ./system/src/cortexm/exception_handlers.o
 .comment       0x0000006e       0x6f ./system/src/cmsis/system_stm32f10x.o
 .comment       0x0000006e       0x6f ./system/src/cmsis/vectors_stm32f10x.o
 .comment       0x0000006e       0x6f ./src/Transport/src/UART_TP.o
 .comment       0x0000006e       0x6f ./src/HAL/src/HUART.o
 .comment       0x0000006e       0x6f ./src/Driver/src/DGPIO.o
 .comment       0x0000006e       0x6f ./src/Driver/src/DMA.o
 .comment       0x0000006e       0x6f ./src/Driver/src/DMA_Cfg.o
 .comment       0x0000006e       0x6f ./src/Driver/src/DNVIC.o
 .comment       0x0000006e       0x6f ./src/Driver/src/DRCC.o
 .comment       0x0000006e       0x6f ./src/Driver/src/FLITF.o
 .comment       0x0000006e       0x6f ./src/Driver/src/UART.o
 .comment       0x0000006e       0x6f ./src/App/src/BootLoader.o
 .comment       0x0000006e       0x6f ./src/App/src/UDS.o

.ARM.attributes
                0x00000000       0x31
 .ARM.attributes
                0x00000000       0x33 ./system/src/newlib/_exit.o
 .ARM.attributes
                0x00000033       0x33 ./system/src/newlib/_sbrk.o
 .ARM.attributes
                0x00000066       0x33 ./system/src/newlib/_startup.o
 .ARM.attributes
                0x00000099       0x33 ./system/src/newlib/_syscalls.o
 .ARM.attributes
                0x000000cc       0x33 ./system/src/diag/Trace.o
 .ARM.attributes
                0x000000ff       0x33 ./system/src/diag/trace_impl.o
 .ARM.attributes
                0x00000132       0x33 ./system/src/cortexm/_initialize_hardware.o
 .ARM.attributes
                0x00000165       0x33 ./system/src/cortexm/exception_handlers.o
 .ARM.attributes
                0x00000198       0x33 ./system/src/cmsis/system_stm32f10x.o
 .ARM.attributes
                0x000001cb       0x33 ./system/src/cmsis/vectors_stm32f10x.o
 .ARM.attributes
                0x000001fe       0x33 ./src/Transport/src/UART_TP.o
 .ARM.attributes
                0x00000231       0x33 ./src/HAL/src/HUART.o
 .ARM.attributes
                0x00000264       0x33 ./src/Driver/src/DGPIO.o
 .ARM.attributes
                0x00000297       0x33 ./src/Driver/src/DMA.o
 .ARM.attributes
                0x000002ca       0x33 ./src/Driver/src/DMA_Cfg.o
 .ARM.attributes
                0x000002fd       0x33 ./src/Driver/src/DNVIC.o
 .ARM.attributes
                0x00000330       0x33 ./src/Driver/src/DRCC.o
 .ARM.attributes
                0x00000363       0x33 ./src/Driver/src/FLITF.o
 .ARM.attributes
                0x00000396       0x33 ./src/Driver/src/UART.o
 .ARM.attributes
                0x000003c9       0x33 ./src/App/src/BootLoader.o
 .ARM.attributes
                0x000003fc       0x33 ./src/App/src/UDS.o
 .ARM.attributes
                0x0000042f       0x2d c:/users/toshiba/downloads/iti/turkey/arm tools iti/arm gcc/bin/../lib/gcc/arm-none-eabi/5.4.1/../../../../arm-none-eabi/lib/armv7-m\libg_nano.a(lib_a-errno.o)
 .ARM.attributes
                0x0000045c       0x2d c:/users/toshiba/downloads/iti/turkey/arm tools iti/arm gcc/bin/../lib/gcc/arm-none-eabi/5.4.1/../../../../arm-none-eabi/lib/armv7-m\libg_nano.a(lib_a-impure.o)
 .ARM.attributes
                0x00000489       0x2d c:/users/toshiba/downloads/iti/turkey/arm tools iti/arm gcc/bin/../lib/gcc/arm-none-eabi/5.4.1/../../../../arm-none-eabi/lib/armv7-m\libg_nano.a(lib_a-vsnprintf.o)
 .ARM.attributes
                0x000004b6       0x2d c:/users/toshiba/downloads/iti/turkey/arm tools iti/arm gcc/bin/../lib/gcc/arm-none-eabi/5.4.1/../../../../arm-none-eabi/lib/armv7-m\libg_nano.a(lib_a-nano-svfprintf.o)
 .ARM.attributes
                0x000004e3       0x2d c:/users/toshiba/downloads/iti/turkey/arm tools iti/arm gcc/bin/../lib/gcc/arm-none-eabi/5.4.1/../../../../arm-none-eabi/lib/armv7-m\libg_nano.a(lib_a-nano-vfprintf_i.o)
 .ARM.attributes
                0x00000510       0x2d c:/users/toshiba/downloads/iti/turkey/arm tools iti/arm gcc/bin/../lib/gcc/arm-none-eabi/5.4.1/../../../../arm-none-eabi/lib/armv7-m\libg_nano.a(lib_a-memchr-stub.o)
 .ARM.attributes
                0x0000053d       0x2d c:/users/toshiba/downloads/iti/turkey/arm tools iti/arm gcc/bin/../lib/gcc/arm-none-eabi/5.4.1/../../../../arm-none-eabi/lib/armv7-m\libg_nano.a(lib_a-memcpy-stub.o)
 .ARM.attributes
                0x0000056a       0x2d c:/users/toshiba/downloads/iti/turkey/arm tools iti/arm gcc/bin/../lib/gcc/arm-none-eabi/5.4.1/../../../../arm-none-eabi/lib/armv7-m\libg_nano.a(lib_a-memmove.o)
 .ARM.attributes
                0x00000597       0x2d c:/users/toshiba/downloads/iti/turkey/arm tools iti/arm gcc/bin/../lib/gcc/arm-none-eabi/5.4.1/../../../../arm-none-eabi/lib/armv7-m\libg_nano.a(lib_a-nano-freer.o)
 .ARM.attributes
                0x000005c4       0x2d c:/users/toshiba/downloads/iti/turkey/arm tools iti/arm gcc/bin/../lib/gcc/arm-none-eabi/5.4.1/../../../../arm-none-eabi/lib/armv7-m\libg_nano.a(lib_a-nano-mallocr.o)
 .ARM.attributes
                0x000005f1       0x2d c:/users/toshiba/downloads/iti/turkey/arm tools iti/arm gcc/bin/../lib/gcc/arm-none-eabi/5.4.1/../../../../arm-none-eabi/lib/armv7-m\libg_nano.a(lib_a-nano-reallocr.o)
 .ARM.attributes
                0x0000061e       0x2d c:/users/toshiba/downloads/iti/turkey/arm tools iti/arm gcc/bin/../lib/gcc/arm-none-eabi/5.4.1/../../../../arm-none-eabi/lib/armv7-m\libg_nano.a(lib_a-sbrkr.o)
 .ARM.attributes
                0x0000064b       0x2d c:/users/toshiba/downloads/iti/turkey/arm tools iti/arm gcc/bin/../lib/gcc/arm-none-eabi/5.4.1/../../../../arm-none-eabi/lib/armv7-m\libg_nano.a(lib_a-mlock.o)
 .ARM.attributes
                0x00000678       0x2d c:/users/toshiba/downloads/iti/turkey/arm tools iti/arm gcc/bin/../lib/gcc/arm-none-eabi/5.4.1/../../../../arm-none-eabi/lib/armv7-m\libg_nano.a(lib_a-nano-msizer.o)

.debug
 *(.debug)

.line
 *(.line)

.debug_srcinfo
 *(.debug_srcinfo)

.debug_sfnames
 *(.debug_sfnames)

.debug_aranges  0x00000000      0x640
 *(.debug_aranges)
 .debug_aranges
                0x00000000       0x28 ./system/src/newlib/_exit.o
 .debug_aranges
                0x00000028       0x20 ./system/src/newlib/_sbrk.o
 .debug_aranges
                0x00000048       0x40 ./system/src/newlib/_startup.o
 .debug_aranges
                0x00000088       0x30 ./system/src/newlib/_syscalls.o
 .debug_aranges
                0x000000b8       0x38 ./system/src/diag/Trace.o
 .debug_aranges
                0x000000f0       0x30 ./system/src/diag/trace_impl.o
 .debug_aranges
                0x00000120       0x28 ./system/src/cortexm/_initialize_hardware.o
 .debug_aranges
                0x00000148       0x90 ./system/src/cortexm/exception_handlers.o
 .debug_aranges
                0x000001d8       0x38 ./system/src/cmsis/system_stm32f10x.o
 .debug_aranges
                0x00000210       0x20 ./system/src/cmsis/vectors_stm32f10x.o
 .debug_aranges
                0x00000230       0x48 ./src/Transport/src/UART_TP.o
 .debug_aranges
                0x00000278       0x58 ./src/HAL/src/HUART.o
 .debug_aranges
                0x000002d0       0x38 ./src/Driver/src/DGPIO.o
 .debug_aranges
                0x00000308       0x68 ./src/Driver/src/DMA.o
 .debug_aranges
                0x00000370       0x18 ./src/Driver/src/DMA_Cfg.o
 .debug_aranges
                0x00000388       0x98 ./src/Driver/src/DNVIC.o
 .debug_aranges
                0x00000420       0x50 ./src/Driver/src/DRCC.o
 .debug_aranges
                0x00000470       0x38 ./src/Driver/src/FLITF.o
 .debug_aranges
                0x000004a8       0x70 ./src/Driver/src/UART.o
 .debug_aranges
                0x00000518       0xf8 ./src/App/src/BootLoader.o
 .debug_aranges
                0x00000610       0x30 ./src/App/src/UDS.o

.debug_pubnames
 *(.debug_pubnames)

.debug_info     0x00000000     0x50e8
 *(.debug_info .gnu.linkonce.wi.*)
 .debug_info    0x00000000       0xef ./system/src/newlib/_exit.o
 .debug_info    0x000000ef      0x11f ./system/src/newlib/_sbrk.o
 .debug_info    0x0000020e      0x455 ./system/src/newlib/_startup.o
 .debug_info    0x00000663      0x1c7 ./system/src/newlib/_syscalls.o
 .debug_info    0x0000082a      0x2e7 ./system/src/diag/Trace.o
 .debug_info    0x00000b11      0x30b ./system/src/diag/trace_impl.o
 .debug_info    0x00000e1c      0x2b1 ./system/src/cortexm/_initialize_hardware.o
 .debug_info    0x000010cd      0x8da ./system/src/cortexm/exception_handlers.o
 .debug_info    0x000019a7      0x497 ./system/src/cmsis/system_stm32f10x.o
 .debug_info    0x00001e3e       0xd1 ./system/src/cmsis/vectors_stm32f10x.o
 .debug_info    0x00001f0f      0x418 ./src/Transport/src/UART_TP.o
 .debug_info    0x00002327      0x658 ./src/HAL/src/HUART.o
 .debug_info    0x0000297f      0x26b ./src/Driver/src/DGPIO.o
 .debug_info    0x00002bea      0x3d0 ./src/Driver/src/DMA.o
 .debug_info    0x00002fba      0x13e ./src/Driver/src/DMA_Cfg.o
 .debug_info    0x000030f8      0x3b8 ./src/Driver/src/DNVIC.o
 .debug_info    0x000034b0      0x255 ./src/Driver/src/DRCC.o
 .debug_info    0x00003705      0x1a5 ./src/Driver/src/FLITF.o
 .debug_info    0x000038aa      0x445 ./src/Driver/src/UART.o
 .debug_info    0x00003cef     0x114d ./src/App/src/BootLoader.o
 .debug_info    0x00004e3c      0x2ac ./src/App/src/UDS.o

.debug_abbrev   0x00000000     0x180e
 *(.debug_abbrev)
 .debug_abbrev  0x00000000       0x8e ./system/src/newlib/_exit.o
 .debug_abbrev  0x0000008e       0xb9 ./system/src/newlib/_sbrk.o
 .debug_abbrev  0x00000147      0x1ac ./system/src/newlib/_startup.o
 .debug_abbrev  0x000002f3       0xec ./system/src/newlib/_syscalls.o
 .debug_abbrev  0x000003df      0x156 ./system/src/diag/Trace.o
 .debug_abbrev  0x00000535      0x1c8 ./system/src/diag/trace_impl.o
 .debug_abbrev  0x000006fd       0xea ./system/src/cortexm/_initialize_hardware.o
 .debug_abbrev  0x000007e7      0x247 ./system/src/cortexm/exception_handlers.o
 .debug_abbrev  0x00000a2e      0x159 ./system/src/cmsis/system_stm32f10x.o
 .debug_abbrev  0x00000b87       0x9d ./system/src/cmsis/vectors_stm32f10x.o
 .debug_abbrev  0x00000c24       0xe7 ./src/Transport/src/UART_TP.o
 .debug_abbrev  0x00000d0b      0x15e ./src/HAL/src/HUART.o
 .debug_abbrev  0x00000e69       0xd7 ./src/Driver/src/DGPIO.o
 .debug_abbrev  0x00000f40      0x11b ./src/Driver/src/DMA.o
 .debug_abbrev  0x0000105b       0x80 ./src/Driver/src/DMA_Cfg.o
 .debug_abbrev  0x000010db      0x110 ./src/Driver/src/DNVIC.o
 .debug_abbrev  0x000011eb      0x143 ./src/Driver/src/DRCC.o
 .debug_abbrev  0x0000132e       0xb8 ./src/Driver/src/FLITF.o
 .debug_abbrev  0x000013e6      0x15f ./src/Driver/src/UART.o
 .debug_abbrev  0x00001545      0x1cb ./src/App/src/BootLoader.o
 .debug_abbrev  0x00001710       0xfe ./src/App/src/UDS.o

.debug_line     0x00000000     0x3eb8
 *(.debug_line)
 .debug_line    0x00000000      0x349 ./system/src/newlib/_exit.o
 .debug_line    0x00000349      0x2fa ./system/src/newlib/_sbrk.o
 .debug_line    0x00000643      0x3b0 ./system/src/newlib/_startup.o
 .debug_line    0x000009f3      0x418 ./system/src/newlib/_syscalls.o
 .debug_line    0x00000e0b      0x3b7 ./system/src/diag/Trace.o
 .debug_line    0x000011c2      0x62f ./system/src/diag/trace_impl.o
 .debug_line    0x000017f1      0x376 ./system/src/cortexm/_initialize_hardware.o
 .debug_line    0x00001b67      0x6d8 ./system/src/cortexm/exception_handlers.o
 .debug_line    0x0000223f      0x3d6 ./system/src/cmsis/system_stm32f10x.o
 .debug_line    0x00002615      0x106 ./system/src/cmsis/vectors_stm32f10x.o
 .debug_line    0x0000271b      0x25c ./src/Transport/src/UART_TP.o
 .debug_line    0x00002977      0x233 ./src/HAL/src/HUART.o
 .debug_line    0x00002baa      0x1e6 ./src/Driver/src/DGPIO.o
 .debug_line    0x00002d90      0x20c ./src/Driver/src/DMA.o
 .debug_line    0x00002f9c       0xe4 ./src/Driver/src/DMA_Cfg.o
 .debug_line    0x00003080      0x22a ./src/Driver/src/DNVIC.o
 .debug_line    0x000032aa      0x240 ./src/Driver/src/DRCC.o
 .debug_line    0x000034ea      0x13f ./src/Driver/src/FLITF.o
 .debug_line    0x00003629      0x20a ./src/Driver/src/UART.o
 .debug_line    0x00003833      0x500 ./src/App/src/BootLoader.o
 .debug_line    0x00003d33      0x185 ./src/App/src/UDS.o

.debug_frame    0x00000000     0x1000
 *(.debug_frame)
 .debug_frame   0x00000000       0x38 ./system/src/newlib/_exit.o
 .debug_frame   0x00000038       0x28 ./system/src/newlib/_sbrk.o
 .debug_frame   0x00000060       0x7c ./system/src/newlib/_startup.o
 .debug_frame   0x000000dc       0x50 ./system/src/newlib/_syscalls.o
 .debug_frame   0x0000012c       0x94 ./system/src/diag/Trace.o
 .debug_frame   0x000001c0       0x60 ./system/src/diag/trace_impl.o
 .debug_frame   0x00000220       0x40 ./system/src/cortexm/_initialize_hardware.o
 .debug_frame   0x00000260      0x158 ./system/src/cortexm/exception_handlers.o
 .debug_frame   0x000003b8       0x68 ./system/src/cmsis/system_stm32f10x.o
 .debug_frame   0x00000420       0x20 ./system/src/cmsis/vectors_stm32f10x.o
 .debug_frame   0x00000440       0xa4 ./src/Transport/src/UART_TP.o
 .debug_frame   0x000004e4       0xfc ./src/HAL/src/HUART.o
 .debug_frame   0x000005e0       0x6c ./src/Driver/src/DGPIO.o
 .debug_frame   0x0000064c      0x11c ./src/Driver/src/DMA.o
 .debug_frame   0x00000768      0x110 ./src/Driver/src/DNVIC.o
 .debug_frame   0x00000878       0x90 ./src/Driver/src/DRCC.o
 .debug_frame   0x00000908       0x5c ./src/Driver/src/FLITF.o
 .debug_frame   0x00000964       0xec ./src/Driver/src/UART.o
 .debug_frame   0x00000a50      0x260 ./src/App/src/BootLoader.o
 .debug_frame   0x00000cb0       0x64 ./src/App/src/UDS.o
 .debug_frame   0x00000d14       0x20 c:/users/toshiba/downloads/iti/turkey/arm tools iti/arm gcc/bin/../lib/gcc/arm-none-eabi/5.4.1/../../../../arm-none-eabi/lib/armv7-m\libg_nano.a(lib_a-errno.o)
 .debug_frame   0x00000d34       0x48 c:/users/toshiba/downloads/iti/turkey/arm tools iti/arm gcc/bin/../lib/gcc/arm-none-eabi/5.4.1/../../../../arm-none-eabi/lib/armv7-m\libg_nano.a(lib_a-vsnprintf.o)
 .debug_frame   0x00000d7c       0x90 c:/users/toshiba/downloads/iti/turkey/arm tools iti/arm gcc/bin/../lib/gcc/arm-none-eabi/5.4.1/../../../../arm-none-eabi/lib/armv7-m\libg_nano.a(lib_a-nano-svfprintf.o)
 .debug_frame   0x00000e0c       0x60 c:/users/toshiba/downloads/iti/turkey/arm tools iti/arm gcc/bin/../lib/gcc/arm-none-eabi/5.4.1/../../../../arm-none-eabi/lib/armv7-m\libg_nano.a(lib_a-nano-vfprintf_i.o)
 .debug_frame   0x00000e6c       0x28 c:/users/toshiba/downloads/iti/turkey/arm tools iti/arm gcc/bin/../lib/gcc/arm-none-eabi/5.4.1/../../../../arm-none-eabi/lib/armv7-m\libg_nano.a(lib_a-memchr-stub.o)
 .debug_frame   0x00000e94       0x28 c:/users/toshiba/downloads/iti/turkey/arm tools iti/arm gcc/bin/../lib/gcc/arm-none-eabi/5.4.1/../../../../arm-none-eabi/lib/armv7-m\libg_nano.a(lib_a-memcpy-stub.o)
 .debug_frame   0x00000ebc       0x28 c:/users/toshiba/downloads/iti/turkey/arm tools iti/arm gcc/bin/../lib/gcc/arm-none-eabi/5.4.1/../../../../arm-none-eabi/lib/armv7-m\libg_nano.a(lib_a-memmove.o)
 .debug_frame   0x00000ee4       0x38 c:/users/toshiba/downloads/iti/turkey/arm tools iti/arm gcc/bin/../lib/gcc/arm-none-eabi/5.4.1/../../../../arm-none-eabi/lib/armv7-m\libg_nano.a(lib_a-nano-freer.o)
 .debug_frame   0x00000f1c       0x2c c:/users/toshiba/downloads/iti/turkey/arm tools iti/arm gcc/bin/../lib/gcc/arm-none-eabi/5.4.1/../../../../arm-none-eabi/lib/armv7-m\libg_nano.a(lib_a-nano-mallocr.o)
 .debug_frame   0x00000f48       0x3c c:/users/toshiba/downloads/iti/turkey/arm tools iti/arm gcc/bin/../lib/gcc/arm-none-eabi/5.4.1/../../../../arm-none-eabi/lib/armv7-m\libg_nano.a(lib_a-nano-reallocr.o)
 .debug_frame   0x00000f84       0x2c c:/users/toshiba/downloads/iti/turkey/arm tools iti/arm gcc/bin/../lib/gcc/arm-none-eabi/5.4.1/../../../../arm-none-eabi/lib/armv7-m\libg_nano.a(lib_a-sbrkr.o)
 .debug_frame   0x00000fb0       0x30 c:/users/toshiba/downloads/iti/turkey/arm tools iti/arm gcc/bin/../lib/gcc/arm-none-eabi/5.4.1/../../../../arm-none-eabi/lib/armv7-m\libg_nano.a(lib_a-mlock.o)
 .debug_frame   0x00000fe0       0x20 c:/users/toshiba/downloads/iti/turkey/arm tools iti/arm gcc/bin/../lib/gcc/arm-none-eabi/5.4.1/../../../../arm-none-eabi/lib/armv7-m\libg_nano.a(lib_a-nano-msizer.o)

.debug_str      0x00000000    0x5a3c4
 *(.debug_str)
 .debug_str     0x00000000     0x6d37 ./system/src/newlib/_exit.o
                               0x6ea9 (size before relaxing)
 .debug_str     0x00006d37      0x4de ./system/src/newlib/_sbrk.o
                               0x6294 (size before relaxing)
 .debug_str     0x00007215      0xbc3 ./system/src/newlib/_startup.o
                               0x5e49 (size before relaxing)
 .debug_str     0x00007dd8      0xe18 ./system/src/newlib/_syscalls.o
                               0x70f4 (size before relaxing)
 .debug_str     0x00008bf0      0x890 ./system/src/diag/Trace.o
                               0x7699 (size before relaxing)
 .debug_str     0x00009480    0x4b2af ./system/src/diag/trace_impl.o
                              0x51e5b (size before relaxing)
 .debug_str     0x0005472f       0xc4 ./system/src/cortexm/_initialize_hardware.o
                              0x4e015 (size before relaxing)
 .debug_str     0x000547f3      0x1a6 ./system/src/cortexm/exception_handlers.o
                              0x52c1d (size before relaxing)
 .debug_str     0x00054999      0x10e ./system/src/cmsis/system_stm32f10x.o
                              0x4e0bf (size before relaxing)
 .debug_str     0x00054aa7       0x57 ./system/src/cmsis/vectors_stm32f10x.o
                               0x3064 (size before relaxing)
 .debug_str     0x00054afe      0x2aa ./src/Transport/src/UART_TP.o
                               0x2847 (size before relaxing)
 .debug_str     0x00054da8     0x2914 ./src/HAL/src/HUART.o
                               0x4fc9 (size before relaxing)
 .debug_str     0x000576bc       0x9d ./src/Driver/src/DGPIO.o
                               0x4503 (size before relaxing)
 .debug_str     0x00057759      0xbdd ./src/Driver/src/DMA.o
                               0x3294 (size before relaxing)
 .debug_str     0x00058336       0x1c ./src/Driver/src/DMA_Cfg.o
                               0x2cfd (size before relaxing)
 .debug_str     0x00058352      0x2a8 ./src/Driver/src/DNVIC.o
                               0x2bf9 (size before relaxing)
 .debug_str     0x000585fa      0x8f6 ./src/Driver/src/DRCC.o
                               0x3438 (size before relaxing)
 .debug_str     0x00058ef0      0x1db ./src/Driver/src/FLITF.o
                               0x27af (size before relaxing)
 .debug_str     0x000590cb      0x1b9 ./src/Driver/src/UART.o
                               0x2caf (size before relaxing)
 .debug_str     0x00059284     0x10b8 ./src/App/src/BootLoader.o
                               0x5ef6 (size before relaxing)
 .debug_str     0x0005a33c       0x88 ./src/App/src/UDS.o
                               0x2e6b (size before relaxing)

.debug_loc      0x00000000     0x2371
 *(.debug_loc)
 .debug_loc     0x00000000       0x82 ./system/src/newlib/_sbrk.o
 .debug_loc     0x00000082      0x265 ./system/src/newlib/_startup.o
 .debug_loc     0x000002e7       0x63 ./system/src/newlib/_syscalls.o
 .debug_loc     0x0000034a      0x102 ./system/src/diag/Trace.o
 .debug_loc     0x0000044c      0x17c ./system/src/diag/trace_impl.o
 .debug_loc     0x000005c8      0x2a8 ./system/src/cortexm/exception_handlers.o
 .debug_loc     0x00000870       0xdf ./system/src/cmsis/system_stm32f10x.o
 .debug_loc     0x0000094f      0x31b ./src/Transport/src/UART_TP.o
 .debug_loc     0x00000c6a      0x412 ./src/HAL/src/HUART.o
 .debug_loc     0x0000107c      0x24a ./src/Driver/src/DGPIO.o
 .debug_loc     0x000012c6      0x13e ./src/Driver/src/DMA.o
 .debug_loc     0x00001404      0x270 ./src/Driver/src/DNVIC.o
 .debug_loc     0x00001674      0x59d ./src/Driver/src/DRCC.o
 .debug_loc     0x00001c11       0x47 ./src/Driver/src/FLITF.o
 .debug_loc     0x00001c58      0x314 ./src/Driver/src/UART.o
 .debug_loc     0x00001f6c      0x19f ./src/App/src/BootLoader.o
 .debug_loc     0x0000210b      0x266 ./src/App/src/UDS.o

.debug_macinfo
 *(.debug_macinfo)

.debug_weaknames
 *(.debug_weaknames)

.debug_funcnames
 *(.debug_funcnames)

.debug_typenames
 *(.debug_typenames)

.debug_varnames
 *(.debug_varnames)
OUTPUT(UDS.elf elf32-littlearm)

.debug_ranges   0x00000000      0x548
 .debug_ranges  0x00000000       0x18 ./system/src/newlib/_exit.o
 .debug_ranges  0x00000018       0x10 ./system/src/newlib/_sbrk.o
 .debug_ranges  0x00000028       0x48 ./system/src/newlib/_startup.o
 .debug_ranges  0x00000070       0x20 ./system/src/newlib/_syscalls.o
 .debug_ranges  0x00000090       0x28 ./system/src/diag/Trace.o
 .debug_ranges  0x000000b8       0x38 ./system/src/diag/trace_impl.o
 .debug_ranges  0x000000f0       0x18 ./system/src/cortexm/_initialize_hardware.o
 .debug_ranges  0x00000108       0x98 ./system/src/cortexm/exception_handlers.o
 .debug_ranges  0x000001a0       0x28 ./system/src/cmsis/system_stm32f10x.o
 .debug_ranges  0x000001c8       0x10 ./system/src/cmsis/vectors_stm32f10x.o
 .debug_ranges  0x000001d8       0x38 ./src/Transport/src/UART_TP.o
 .debug_ranges  0x00000210       0x48 ./src/HAL/src/HUART.o
 .debug_ranges  0x00000258       0x28 ./src/Driver/src/DGPIO.o
 .debug_ranges  0x00000280       0x58 ./src/Driver/src/DMA.o
 .debug_ranges  0x000002d8       0x88 ./src/Driver/src/DNVIC.o
 .debug_ranges  0x00000360       0x58 ./src/Driver/src/DRCC.o
 .debug_ranges  0x000003b8       0x28 ./src/Driver/src/FLITF.o
 .debug_ranges  0x000003e0       0x60 ./src/Driver/src/UART.o
 .debug_ranges  0x00000440       0xe8 ./src/App/src/BootLoader.o
 .debug_ranges  0x00000528       0x20 ./src/App/src/UDS.o

.debug_macro    0x00000000     0x381d
 .debug_macro   0x00000000      0x19c ./system/src/newlib/_exit.o
 .debug_macro   0x0000019c       0x9c ./system/src/newlib/_exit.o
 .debug_macro   0x00000238      0x10e ./system/src/newlib/_exit.o
 .debug_macro   0x00000346       0x8d ./system/src/newlib/_exit.o
 .debug_macro   0x000003d3       0x43 ./system/src/newlib/_exit.o
 .debug_macro   0x00000416      0x30d ./system/src/newlib/_exit.o
 .debug_macro   0x00000723       0x35 ./system/src/newlib/_exit.o
 .debug_macro   0x00000758      0x151 ./system/src/newlib/_sbrk.o
 .debug_macro   0x000008a9      0x174 ./system/src/newlib/_sbrk.o
 .debug_macro   0x00000a1d       0x10 ./system/src/newlib/_sbrk.o
 .debug_macro   0x00000a2d      0x23b ./system/src/newlib/_sbrk.o
 .debug_macro   0x00000c68      0x15b ./system/src/newlib/_startup.o
 .debug_macro   0x00000dc3      0x1ff ./system/src/newlib/_syscalls.o
 .debug_macro   0x00000fc2       0x1c ./system/src/newlib/_syscalls.o
 .debug_macro   0x00000fde       0x10 ./system/src/newlib/_syscalls.o
 .debug_macro   0x00000fee       0x10 ./system/src/newlib/_syscalls.o
 .debug_macro   0x00000ffe       0x10 ./system/src/newlib/_syscalls.o
 .debug_macro   0x0000100e       0x35 ./system/src/newlib/_syscalls.o
 .debug_macro   0x00001043      0x122 ./system/src/newlib/_syscalls.o
 .debug_macro   0x00001165       0x88 ./system/src/newlib/_syscalls.o
 .debug_macro   0x000011ed       0x2b ./system/src/newlib/_syscalls.o
 .debug_macro   0x00001218      0x118 ./system/src/newlib/_syscalls.o
 .debug_macro   0x00001330      0x159 ./system/src/newlib/_syscalls.o
 .debug_macro   0x00001489       0x16 ./system/src/newlib/_syscalls.o
 .debug_macro   0x0000149f      0x1d9 ./system/src/diag/Trace.o
 .debug_macro   0x00001678       0x16 ./system/src/diag/Trace.o
 .debug_macro   0x0000168e       0x97 ./system/src/diag/Trace.o
 .debug_macro   0x00001725       0xfd ./system/src/diag/Trace.o
 .debug_macro   0x00001822       0x10 ./system/src/diag/Trace.o
 .debug_macro   0x00001832       0x16 ./system/src/diag/Trace.o
 .debug_macro   0x00001848      0x18b ./system/src/diag/Trace.o
 .debug_macro   0x000019d3       0x4c ./system/src/diag/Trace.o
 .debug_macro   0x00001a1f       0x16 ./system/src/diag/Trace.o
 .debug_macro   0x00001a35      0x2c2 ./system/src/diag/trace_impl.o
 .debug_macro   0x00001cf7       0x10 ./system/src/diag/trace_impl.o
 .debug_macro   0x00001d07       0xcf ./system/src/diag/trace_impl.o
 .debug_macro   0x00001dd6       0xbe ./system/src/diag/trace_impl.o
 .debug_macro   0x00001e94       0x22 ./system/src/diag/trace_impl.o
 .debug_macro   0x00001eb6      0x16b ./system/src/cortexm/_initialize_hardware.o
 .debug_macro   0x00002021      0x302 ./system/src/cortexm/exception_handlers.o
 .debug_macro   0x00002323       0x3b ./system/src/cortexm/exception_handlers.o
 .debug_macro   0x0000235e       0x10 ./system/src/cortexm/exception_handlers.o
 .debug_macro   0x0000236e      0x16e ./system/src/cmsis/system_stm32f10x.o
 .debug_macro   0x000024dc       0x34 ./system/src/cmsis/vectors_stm32f10x.o
 .debug_macro   0x00002510       0x6a ./src/Transport/src/UART_TP.o
 .debug_macro   0x0000257a       0x2e ./src/Transport/src/UART_TP.o
 .debug_macro   0x000025a8       0x78 ./src/HAL/src/HUART.o
 .debug_macro   0x00002620      0x18d ./src/HAL/src/HUART.o
 .debug_macro   0x000027ad      0x5e0 ./src/HAL/src/HUART.o
 .debug_macro   0x00002d8d       0x34 ./src/HAL/src/HUART.o
 .debug_macro   0x00002dc1       0x1c ./src/HAL/src/HUART.o
 .debug_macro   0x00002ddd       0x16 ./src/HAL/src/HUART.o
 .debug_macro   0x00002df3       0xa3 ./src/HAL/src/HUART.o
 .debug_macro   0x00002e96       0x35 ./src/Driver/src/DGPIO.o
 .debug_macro   0x00002ecb       0x53 ./src/Driver/src/DMA.o
 .debug_macro   0x00002f1e      0x194 ./src/Driver/src/DMA.o
 .debug_macro   0x000030b2      0x15e ./src/Driver/src/DMA.o
 .debug_macro   0x00003210       0x2c ./src/Driver/src/DMA_Cfg.o
 .debug_macro   0x0000323c       0x4d ./src/Driver/src/DNVIC.o
 .debug_macro   0x00003289      0x1c4 ./src/Driver/src/DRCC.o
 .debug_macro   0x0000344d       0x66 ./src/Driver/src/FLITF.o
 .debug_macro   0x000034b3       0x71 ./src/Driver/src/UART.o
 .debug_macro   0x00003524      0x107 ./src/App/src/BootLoader.o
 .debug_macro   0x0000362b      0x17b ./src/App/src/BootLoader.o
 .debug_macro   0x000037a6       0x16 ./src/App/src/BootLoader.o
 .debug_macro   0x000037bc       0x2e ./src/App/src/BootLoader.o
 .debug_macro   0x000037ea       0x33 ./src/App/src/UDS.o
